Component: Arm Compiler for Embedded 6.18 Tool: armlink [5e4cc100]

==============================================================================

Section Cross References

    startup_stm32f446xx.o(STACK) refers (Special) to heapauxi.o(.text) for __use_two_region_memory
    startup_stm32f446xx.o(HEAP) refers (Special) to heapauxi.o(.text) for __use_two_region_memory
    startup_stm32f446xx.o(RESET) refers (Special) to heapauxi.o(.text) for __use_two_region_memory
    startup_stm32f446xx.o(RESET) refers to startup_stm32f446xx.o(STACK) for __initial_sp
    startup_stm32f446xx.o(RESET) refers to startup_stm32f446xx.o(.text) for Reset_Handler
    startup_stm32f446xx.o(RESET) refers to stm32f4xx_it.o(.text.NMI_Handler) for NMI_Handler
    startup_stm32f446xx.o(RESET) refers to stm32f4xx_it.o(.text.HardFault_Handler) for HardFault_Handler
    startup_stm32f446xx.o(RESET) refers to stm32f4xx_it.o(.text.MemManage_Handler) for MemManage_Handler
    startup_stm32f446xx.o(RESET) refers to stm32f4xx_it.o(.text.BusFault_Handler) for BusFault_Handler
    startup_stm32f446xx.o(RESET) refers to stm32f4xx_it.o(.text.UsageFault_Handler) for UsageFault_Handler
    startup_stm32f446xx.o(RESET) refers to stm32f4xx_it.o(.text.SVC_Handler) for SVC_Handler
    startup_stm32f446xx.o(RESET) refers to stm32f4xx_it.o(.text.DebugMon_Handler) for DebugMon_Handler
    startup_stm32f446xx.o(RESET) refers to stm32f4xx_it.o(.text.PendSV_Handler) for PendSV_Handler
    startup_stm32f446xx.o(RESET) refers to stm32f4xx_it.o(.text.SysTick_Handler) for SysTick_Handler
    startup_stm32f446xx.o(RESET) refers to stm32f4xx_it.o(.text.EXTI4_IRQHandler) for EXTI4_IRQHandler
    startup_stm32f446xx.o(RESET) refers to stm32f4xx_it.o(.text.EXTI9_5_IRQHandler) for EXTI9_5_IRQHandler
    startup_stm32f446xx.o(RESET) refers to stm32f4xx_it.o(.text.EXTI15_10_IRQHandler) for EXTI15_10_IRQHandler
    startup_stm32f446xx.o(.text) refers (Special) to heapauxi.o(.text) for __use_two_region_memory
    startup_stm32f446xx.o(.text) refers to system_stm32f4xx.o(.text.SystemInit) for SystemInit
    startup_stm32f446xx.o(.text) refers to __main.o(!!!main) for __main
    startup_stm32f446xx.o(.text) refers to startup_stm32f446xx.o(HEAP) for Heap_Mem
    startup_stm32f446xx.o(.text) refers to startup_stm32f446xx.o(STACK) for Stack_Mem
    main.o(.text) refers (Special) to _printf_percent.o(.ARM.Collect$$_printf_percent$$00000000) for _printf_percent
    main.o(.text) refers (Special) to _printf_d.o(.ARM.Collect$$_printf_percent$$00000009) for _printf_d
    main.o(.text) refers (Special) to _printf_dec.o(.text) for _printf_int_dec
    main.o(.text.main) refers (Special) to _printf_percent.o(.ARM.Collect$$_printf_percent$$00000000) for _printf_percent
    main.o(.text.main) refers (Special) to _printf_d.o(.ARM.Collect$$_printf_percent$$00000009) for _printf_d
    main.o(.text.main) refers (Special) to _printf_dec.o(.text) for _printf_int_dec
    main.o(.text.main) refers to stm32f4xx_hal.o(.text.HAL_Init) for HAL_Init
    main.o(.text.main) refers to config.o(.text.SystemClock_Config) for SystemClock_Config
    main.o(.text.main) refers to config.o(.text.MX_GPIO_Init) for MX_GPIO_Init
    main.o(.text.main) refers to config.o(.text.MX_ADC3_Init) for MX_ADC3_Init
    main.o(.text.main) refers to config.o(.text.MX_USART3_UART_Init) for MX_USART3_UART_Init
    main.o(.text.main) refers to config.o(.text.MX_USB_OTG_FS_PCD_Init) for MX_USB_OTG_FS_PCD_Init
    main.o(.text.main) refers to config.o(.text.MX_DAC_Init) for MX_DAC_Init
    main.o(.text.main) refers to rt_memclr.o(.text) for __aeabi_memclr
    main.o(.text.main) refers to config.o(.text.print_msg) for print_msg
    main.o(.text.main) refers to config.o(.bss.hadc3) for hadc3
    main.o(.text.main) refers to stm32f4xx_hal_adc.o(.text.HAL_ADC_Start) for HAL_ADC_Start
    main.o(.text.main) refers to stm32f4xx_hal_adc.o(.text.HAL_ADC_PollForConversion) for HAL_ADC_PollForConversion
    main.o(.text.main) refers to stm32f4xx_hal_adc.o(.text.HAL_ADC_GetValue) for HAL_ADC_GetValue
    main.o(.text.main) refers to noretval__2sprintf.o(.text) for __2sprintf
    main.o(.text.main) refers to config.o(.bss.hdac) for hdac
    main.o(.text.main) refers to stm32f4xx_hal_dac.o(.text.HAL_DAC_Init) for HAL_DAC_Init
    main.o(.text.main) refers to stm32f4xx_hal_dac.o(.text.HAL_DAC_Start) for HAL_DAC_Start
    main.o(.text.main) refers to stm32f4xx_hal_dac.o(.text.HAL_DAC_SetValue) for HAL_DAC_SetValue
    main.o(.text.main) refers to stm32f4xx_hal.o(.text.HAL_GetTick) for HAL_GetTick
    main.o(.text.main) refers to f2d.o(x$fpl$f2d) for __aeabi_f2d
    main.o(.text.main) refers to sin.o(i.__hardfp_sin) for __hardfp_sin
    main.o(.text.main) refers to dmul.o(x$fpl$dmul) for __aeabi_dmul
    main.o(.text.main) refers to dfix.o(x$fpl$dfix) for __aeabi_d2iz
    main.o(.ARM.exidx.text.main) refers (Special) to _printf_percent.o(.ARM.Collect$$_printf_percent$$00000000) for _printf_percent
[...]
    ../clib/printf.c                         0x00000000   Number         0  _printf_char_common.o ABSOLUTE
    ../clib/printf.c                         0x00000000   Number         0  _sputc.o ABSOLUTE
    ../clib/printf.c                         0x00000000   Number         0  __printf_nopercent.o ABSOLUTE
    ../clib/printf_percent.s                 0x00000000   Number         0  _printf_d.o ABSOLUTE
    ../clib/printf_percent.s                 0x00000000   Number         0  _printf_percent.o ABSOLUTE
    ../clib/printf_percent.s                 0x00000000   Number         0  _printf_percent_end.o ABSOLUTE
    ../clib/signal.c                         0x00000000   Number         0  defsig_fpe_outer.o ABSOLUTE
    ../clib/signal.c                         0x00000000   Number         0  defsig_fpe_formal.o ABSOLUTE
    ../clib/signal.c                         0x00000000   Number         0  defsig_exit.o ABSOLUTE
    ../clib/signal.c                         0x00000000   Number         0  defsig_fpe_inner.o ABSOLUTE
    ../clib/signal.c                         0x00000000   Number         0  __raise.o ABSOLUTE
    ../clib/signal.c                         0x00000000   Number         0  defsig_general.o ABSOLUTE
    ../clib/signal.c                         0x00000000   Number         0  defsig_abrt_inner.o ABSOLUTE
    ../clib/signal.c                         0x00000000   Number         0  defsig_rtred_inner.o ABSOLUTE
    ../clib/signal.c                         0x00000000   Number         0  defsig_rtmem_inner.o ABSOLUTE
    ../clib/signal.c                         0x00000000   Number         0  defsig_rtmem_outer.o ABSOLUTE
    ../clib/signal.c                         0x00000000   Number         0  defsig_rtmem_formal.o ABSOLUTE
    ../clib/signal.c                         0x00000000   Number         0  defsig_stak_inner.o ABSOLUTE
    ../clib/signal.c                         0x00000000   Number         0  defsig_pvfn_inner.o ABSOLUTE
    ../clib/signal.c                         0x00000000   Number         0  defsig_cppl_inner.o ABSOLUTE
    ../clib/signal.c                         0x00000000   Number         0  defsig_segv_inner.o ABSOLUTE
    ../clib/signal.c                         0x00000000   Number         0  defsig_other.o ABSOLUTE
    ../clib/signal.s                         0x00000000   Number         0  defsig.o ABSOLUTE
    ../clib/stdlib.c                         0x00000000   Number         0  exit.o ABSOLUTE
    ../clib/string.c                         0x00000000   Number         0  strlen.o ABSOLUTE
    ../fplib/basic.s                         0x00000000   Number         0  basic.o ABSOLUTE
    ../fplib/daddsub.s                       0x00000000   Number         0  daddsub_clz.o ABSOLUTE
    ../fplib/ddiv.s                          0x00000000   Number         0  ddiv.o ABSOLUTE
    ../fplib/dfix.s                          0x00000000   Number         0  dfix.o ABSOLUTE
    ../fplib/dflt.s                          0x00000000   Number         0  dflt_clz.o ABSOLUTE
    ../fplib/dmul.s                          0x00000000   Number         0  dmul.o ABSOLUTE
    ../fplib/dnaninf.s                       0x00000000   Number         0  dnaninf.o ABSOLUTE
    ../fplib/dretinf.s                       0x00000000   Number         0  dretinf.o ABSOLUTE
    ../fplib/f2d.s                           0x00000000   Number         0  f2d.o ABSOLUTE
    ../fplib/fnaninf.s                       0x00000000   Number         0  fnaninf.o ABSOLUTE
    ../fplib/fpinit.s                        0x00000000   Number         0  fpinit.o ABSOLUTE
    ../fplib/usenofp.s                       0x00000000   Number         0  usenofp.o ABSOLUTE
    ../mathlib/cos_i.c                       0x00000000   Number         0  cos_i.o ABSOLUTE
    ../mathlib/dunder.c                      0x00000000   Number         0  dunder.o ABSOLUTE
    ../mathlib/fabs.c                        0x00000000   Number         0  fabs.o ABSOLUTE
    ../mathlib/fpclassify.c                  0x00000000   Number         0  fpclassify.o ABSOLUTE
    ../mathlib/poly.c                        0x00000000   Number         0  poly.o ABSOLUTE
    ../mathlib/rred.c                        0x00000000   Number         0  rred.o ABSOLUTE
    ../mathlib/sin.c                         0x00000000   Number         0  sin.o ABSOLUTE
    ../mathlib/sin_i.c                       0x00000000   Number         0  sin_i.o ABSOLUTE
    config.c                                 0x00000000   Number         0  config.o ABSOLUTE
    dc.s                                     0x00000000   Number         0  dc.o ABSOLUTE
    main.c                                   0x00000000   Number         0  main.o ABSOLUTE
    startup_stm32f446xx.s                    0x00000000   Number         0  startup_stm32f446xx.o ABSOLUTE
    stm32f4xx_hal.c                          0x00000000   Number         0  stm32f4xx_hal.o ABSOLUTE
    stm32f4xx_hal_adc.c                      0x00000000   Number         0  stm32f4xx_hal_adc.o ABSOLUTE
    stm32f4xx_hal_adc_ex.c                   0x00000000   Number         0  stm32f4xx_hal_adc_ex.o ABSOLUTE
    stm32f4xx_hal_cortex.c                   0x00000000   Number         0  stm32f4xx_hal_cortex.o ABSOLUTE
    stm32f4xx_hal_dac.c                      0x00000000   Number         0  stm32f4xx_hal_dac.o ABSOLUTE
    stm32f4xx_hal_dac_ex.c                   0x00000000   Number         0  stm32f4xx_hal_dac_ex.o ABSOLUTE
    stm32f4xx_hal_dma.c                      0x00000000   Number         0  stm32f4xx_hal_dma.o ABSOLUTE
    stm32f4xx_hal_dma_ex.c                   0x00000000   Number         0  stm32f4xx_hal_dma_ex.o ABSOLUTE
    stm32f4xx_hal_exti.c                     0x00000000   Number         0  stm32f4xx_hal_exti.o ABSOLUTE
    stm32f4xx_hal_flash.c                    0x00000000   Number         0  stm32f4xx_hal_flash.o ABSOLUTE
    stm32f4xx_hal_flash_ex.c                 0x00000000   Number         0  stm32f4xx_hal_flash_ex.o ABSOLUTE
    stm32f4xx_hal_flash_ramfunc.c            0x00000000   Number         0  stm32f4xx_hal_flash_ramfunc.o ABSOLUTE
    stm32f4xx_hal_gpio.c                     0x00000000   Number         0  stm32f4xx_hal_gpio.o ABSOLUTE
    stm32f4xx_hal_msp.c                      0x00000000   Number         0  stm32f4xx_hal_msp.o ABSOLUTE
    stm32f4xx_hal_pcd.c                      0x00000000   Number         0  stm32f4xx_hal_pcd.o ABSOLUTE
    stm32f4xx_hal_pcd_ex.c                   0x00000000   Number         0  stm32f4xx_hal_pcd_ex.o ABSOLUTE
    stm32f4xx_hal_pwr.c                      0x00000000   Number         0  stm32f4xx_hal_pwr.o ABSOLUTE
    stm32f4xx_hal_pwr_ex.c                   0x00000000   Number         0  stm32f4xx_hal_pwr_ex.o ABSOLUTE
    stm32f4xx_hal_rcc.c                      0x00000000   Number         0  stm32f4xx_hal_rcc.o ABSOLUTE
    stm32f4xx_hal_rcc_ex.c                   0x00000000   Number         0  stm32f4xx_hal_rcc_ex.o ABSOLUTE
    stm32f4xx_hal_tim.c                      0x00000000   Number         0  stm32f4xx_hal_tim.o ABSOLUTE
    stm32f4xx_hal_tim_ex.c                   0x00000000   Number         0  stm32f4xx_hal_tim_ex.o ABSOLUTE
    stm32f4xx_hal_uart.c                     0x00000000   Number         0  stm32f4xx_hal_uart.o ABSOLUTE
    stm32f4xx_it.c                           0x00000000   Number         0  stm32f4xx_it.o ABSOLUTE
    stm32f4xx_ll_adc.c                       0x00000000   Number         0  stm32f4xx_ll_adc.o ABSOLUTE
    stm32f4xx_ll_usb.c                       0x00000000   Number         0  stm32f4xx_ll_usb.o ABSOLUTE
    system_stm32f4xx.c                       0x00000000   Number         0  system_stm32f4xx.o ABSOLUTE
    RESET                                    0x08000000   Section      452  startup_stm32f446xx.o(RESET)
    !!!main                                  0x080001c4   Section        8  __main.o(!!!main)
    !!!scatter                               0x080001cc   Section       52  __scatter.o(!!!scatter)
    !!handler_copy                           0x08000200   Section       26  __scatter_copy.o(!!handler_copy)
    !!handler_zi                             0x0800021c   Section       28  __scatter_zi.o(!!handler_zi)
    .ARM.Collect$$_printf_percent$$00000000  0x08000238   Section        0  _printf_percent.o(.ARM.Collect$$_printf_percent$$00000000)
    .ARM.Collect$$_printf_percent$$00000009  0x08000238   Section        6  _printf_d.o(.ARM.Collect$$_printf_percent$$00000009)
    .ARM.Collect$$_printf_percent$$00000017  0x0800023e   Section        4  _printf_percent_end.o(.ARM.Collect$$_printf_percent$$00000017)
    .ARM.Collect$$libinit$$00000000          0x08000242   Section        2  libinit.o(.ARM.Collect$$libinit$$00000000)
    .ARM.Collect$$libinit$$00000001          0x08000244   Section        4  libinit2.o(.ARM.Collect$$libinit$$00000001)
    .ARM.Collect$$libinit$$00000004          0x08000248   Section        0  libinit2.o(.ARM.Collect$$libinit$$00000004)
    .ARM.Collect$$libinit$$00000006          0x08000248   Section        0  libinit2.o(.ARM.Collect$$libinit$$00000006)
    .ARM.Collect$$libinit$$0000000C          0x08000248   Section        0  libinit2.o(.ARM.Collect$$libinit$$0000000C)
    .ARM.Collect$$libinit$$0000000E          0x08000248   Section        0  libinit2.o(.ARM.Collect$$libinit$$0000000E)
    .ARM.Collect$$libinit$$00000010          0x08000248   Section        0  libinit2.o(.ARM.Collect$$libinit$$00000010)
    .ARM.Collect$$libinit$$00000013          0x08000248   Section        0  libinit2.o(.ARM.Collect$$libinit$$00000013)
    .ARM.Collect$$libinit$$00000015          0x08000248   Section        0  libinit2.o(.ARM.Collect$$libinit$$00000015)
    .ARM.Collect$$libinit$$00000017          0x08000248   Section        0  libinit2.o(.ARM.Collect$$libinit$$00000017)
    .ARM.Collect$$libinit$$00000019          0x08000248   Section        0  libinit2.o(.ARM.Collect$$libinit$$00000019)
    .ARM.Collect$$libinit$$0000001B          0x08000248   Section        0  libinit2.o(.ARM.Collect$$libinit$$0000001B)
    .ARM.Collect$$libinit$$0000001D          0x08000248   Section        0  libinit2.o(.ARM.Collect$$libinit$$0000001D)
    .ARM.Collect$$libinit$$0000001F          0x08000248   Section        0  libinit2.o(.ARM.Collect$$libinit$$0000001F)
    .ARM.Collect$$libinit$$00000021          0x08000248   Section        0  libinit2.o(.ARM.Collect$$libinit$$00000021)
    .ARM.Collect$$libinit$$00000023          0x08000248   Section        0  libinit2.o(.ARM.Collect$$libinit$$00000023)
    .ARM.Collect$$libinit$$00000025          0x08000248   Section        0  libinit2.o(.ARM.Collect$$libinit$$00000025)
    .ARM.Collect$$libinit$$00000027          0x08000248   Section        0  libinit2.o(.ARM.Collect$$libinit$$00000027)
    .ARM.Collect$$libinit$$0000002E          0x08000248   Section        0  libinit2.o(.ARM.Collect$$libinit$$0000002E)
    .ARM.Collect$$libinit$$00000030          0x08000248   Section        0  libinit2.o(.ARM.Collect$$libinit$$00000030)
    .ARM.Collect$$libinit$$00000032          0x08000248   Section        0  libinit2.o(.ARM.Collect$$libinit$$00000032)
    .ARM.Collect$$libinit$$00000034          0x08000248   Section        0  libinit2.o(.ARM.Collect$$libinit$$00000034)
    .ARM.Collect$$libinit$$00000035          0x08000248   Section        2  libinit2.o(.ARM.Collect$$libinit$$00000035)
    .ARM.Collect$$libshutdown$$00000000      0x0800024a   Section        2  libshutdown.o(.ARM.Collect$$libshutdown$$00000000)
    .ARM.Collect$$libshutdown$$00000002      0x0800024c   Section        0  libshutdown2.o(.ARM.Collect$$libshutdown$$00000002)
    .ARM.Collect$$libshutdown$$00000004      0x0800024c   Section        0  libshutdown2.o(.ARM.Collect$$libshutdown$$00000004)
    .ARM.Collect$$libshutdown$$00000007      0x0800024c   Section        0  libshutdown2.o(.ARM.Collect$$libshutdown$$00000007)
    .ARM.Collect$$libshutdown$$0000000A      0x0800024c   Section        0  libshutdown2.o(.ARM.Collect$$libshutdown$$0000000A)
    .ARM.Collect$$libshutdown$$0000000C      0x0800024c   Section        0  libshutdown2.o(.ARM.Collect$$libshutdown$$0000000C)
    .ARM.Collect$$libshutdown$$0000000F      0x0800024c   Section        0  libshutdown2.o(.ARM.Collect$$libshutdown$$0000000F)
    .ARM.Collect$$libshutdown$$00000010      0x0800024c   Section        2  libshutdown2.o(.ARM.Collect$$libshutdown$$00000010)
    .ARM.Collect$$rtentry$$00000000          0x0800024e   Section        0  __rtentry.o(.ARM.Collect$$rtentry$$00000000)
    .ARM.Collect$$rtentry$$00000002          0x0800024e   Section        0  __rtentry2.o(.ARM.Collect$$rtentry$$00000002)
    .ARM.Collect$$rtentry$$00000004          0x0800024e   Section        6  __rtentry4.o(.ARM.Collect$$rtentry$$00000004)
    .ARM.Collect$$rtentry$$00000009          0x08000254   Section        0  __rtentry2.o(.ARM.Collect$$rtentry$$00000009)
    .ARM.Collect$$rtentry$$0000000A          0x08000254   Section        4  __rtentry2.o(.ARM.Collect$$rtentry$$0000000A)
    .ARM.Collect$$rtentry$$0000000C          0x08000258   Section        0  __rtentry2.o(.ARM.Collect$$rtentry$$0000000C)
    .ARM.Collect$$rtentry$$0000000D          0x08000258   Section        8  __rtentry2.o(.ARM.Collect$$rtentry$$0000000D)
    .ARM.Collect$$rtexit$$00000000           0x08000260   Section        2  rtexit.o(.ARM.Collect$$rtexit$$00000000)
    .ARM.Collect$$rtexit$$00000002           0x08000262   Section        0  rtexit2.o(.ARM.Collect$$rtexit$$00000002)
    .ARM.Collect$$rtexit$$00000003           0x08000262   Section        4  rtexit2.o(.ARM.Collect$$rtexit$$00000003)
    .ARM.Collect$$rtexit$$00000004           0x08000266   Section        6  rtexit2.o(.ARM.Collect$$rtexit$$00000004)
    $v0                                      0x0800026c   Number         0  startup_stm32f446xx.o(.text)
    .text                                    0x0800026c   Section       64  startup_stm32f446xx.o(.text)
    .text                                    0x080002ac   Section      240  lludivv7m.o(.text)
    .text                                    0x0800039c   Section        0  noretval__2sprintf.o(.text)
    .text                                    0x080003c4   Section        0  __printf.o(.text)
    .text                                    0x0800042c   Section        0  _printf_dec.o(.text)
    .text                                    0x080004a4   Section        0  strlen.o(.text)
    .text                                    0x080004e2   Section       68  rt_memclr.o(.text)
    .text                                    0x08000526   Section       78  rt_memclr_w.o(.text)
    .text                                    0x08000574   Section        0  heapauxi.o(.text)
    .text                                    0x0800057a   Section        0  _rserrno.o(.text)
    .text                                    0x08000590   Section        0  _printf_intcommon.o(.text)
    _printf_input_char                       0x08000645   Thumb Code    10  _printf_char_common.o(.text)
    .text                                    0x08000644   Section        0  _printf_char_common.o(.text)
    .text                                    0x08000674   Section        0  _sputc.o(.text)
    .text                                    0x08000680   Section        8  rt_errno_addr_intlibspace.o(.text)
    .text                                    0x08000688   Section        8  libspace.o(.text)
    .text                                    0x08000690   Section       74  sys_stackheap_outer.o(.text)
    .text                                    0x080006da   Section        0  exit.o(.text)
    .text                                    0x080006ec   Section        0  sys_exit.o(.text)
    .text                                    0x080006f8   Section        2  use_no_semi.o(.text)
    .text                                    0x080006fa   Section        0  indicate_semi.o(.text)
    [Anonymous Symbol]                       0x080006fc   Section        0  stm32f4xx_it.o(.text.BusFault_Handler)
    [Anonymous Symbol]                       0x08000700   Section        0  stm32f4xx_it.o(.text.DebugMon_Handler)
    [Anonymous Symbol]                       0x08000704   Section        0  stm32f4xx_it.o(.text.EXTI15_10_IRQHandler)
    [Anonymous Symbol]                       0x0800070c   Section        0  stm32f4xx_it.o(.text.EXTI4_IRQHandler)
    [Anonymous Symbol]                       0x08000714   Section        0  stm32f4xx_it.o(.text.EXTI9_5_IRQHandler)
    [Anonymous Symbol]                       0x0800072c   Section        0  config.o(.text.Error_Handler)
    [Anonymous Symbol]                       0x08000738   Section        0  stm32f4xx_hal_adc.o(.text.HAL_ADC_ConfigChannel)
    [Anonymous Symbol]                       0x08000894   Section        0  stm32f4xx_hal_adc.o(.text.HAL_ADC_GetValue)
    [Anonymous Symbol]                       0x0800089c   Section        0  stm32f4xx_hal_adc.o(.text.HAL_ADC_Init)
    [Anonymous Symbol]                       0x080009fc   Section        0  stm32f4xx_hal_msp.o(.text.HAL_ADC_MspInit)
    [Anonymous Symbol]                       0x08000a60   Section        0  stm32f4xx_hal_adc.o(.text.HAL_ADC_PollForConversion)
    [Anonymous Symbol]                       0x08000b5c   Section        0  stm32f4xx_hal_adc.o(.text.HAL_ADC_Start)
    [Anonymous Symbol]                       0x08000cb4   Section        0  stm32f4xx_hal_dac.o(.text.HAL_DAC_ConfigChannel)
    [Anonymous Symbol]                       0x08000d00   Section        0  stm32f4xx_hal_dac.o(.text.HAL_DAC_Init)
    [Anonymous Symbol]                       0x08000d28   Section        0  stm32f4xx_hal_msp.o(.text.HAL_DAC_MspInit)
    [Anonymous Symbol]                       0x08000d8c   Section        0  stm32f4xx_hal_dac.o(.text.HAL_DAC_SetValue)
    [Anonymous Symbol]                       0x08000db4   Section        0  stm32f4xx_hal_dac.o(.text.HAL_DAC_Start)
    [Anonymous Symbol]                       0x08000e0c   Section        0  stm32f4xx_hal.o(.text.HAL_Delay)
    [Anonymous Symbol]                       0x08000e34   Section        0  stm32f4xx_hal_gpio.o(.text.HAL_GPIO_EXTI_Callback)
    [Anonymous Symbol]                       0x08000e38   Section        0  stm32f4xx_hal_gpio.o(.text.HAL_GPIO_EXTI_IRQHandler)
    [Anonymous Symbol]                       0x08000e50   Section        0  stm32f4xx_hal_gpio.o(.text.HAL_GPIO_Init)
    [Anonymous Symbol]                       0x0800100c   Section        0  stm32f4xx_hal_gpio.o(.text.HAL_GPIO_WritePin)
    [Anonymous Symbol]                       0x08001018   Section        0  stm32f4xx_hal.o(.text.HAL_GetTick)
    [Anonymous Symbol]                       0x08001024   Section        0  stm32f4xx_hal.o(.text.HAL_IncTick)
    [Anonymous Symbol]                       0x08001040   Section        0  stm32f4xx_hal.o(.text.HAL_Init)
    [Anonymous Symbol]                       0x08001078   Section        0  stm32f4xx_hal.o(.text.HAL_InitTick)
    [Anonymous Symbol]                       0x080010c0   Section        0  stm32f4xx_hal_msp.o(.text.HAL_MspInit)
    [Anonymous Symbol]                       0x080010f8   Section        0  stm32f4xx_hal_cortex.o(.text.HAL_NVIC_EnableIRQ)
    [Anonymous Symbol]                       0x08001118   Section        0  stm32f4xx_hal_cortex.o(.text.HAL_NVIC_SetPriority)
    [Anonymous Symbol]                       0x08001170   Section        0  stm32f4xx_hal_cortex.o(.text.HAL_NVIC_SetPriorityGrouping)
    [Anonymous Symbol]                       0x08001190   Section        0  stm32f4xx_hal_pcd_ex.o(.text.HAL_PCDEx_ActivateLPM)
    [Anonymous Symbol]                       0x080011b8   Section        0  stm32f4xx_hal_pcd.o(.text.HAL_PCD_Init)
    [Anonymous Symbol]                       0x08001300   Section        0  stm32f4xx_hal_msp.o(.text.HAL_PCD_MspInit)
    [Anonymous Symbol]                       0x080013a4   Section        0  stm32f4xx_hal_rcc_ex.o(.text.HAL_RCCEx_PeriphCLKConfig)
    [Anonymous Symbol]                       0x080017dc   Section        0  stm32f4xx_hal_rcc.o(.text.HAL_RCC_ClockConfig)
    [Anonymous Symbol]                       0x0800193c   Section        0  stm32f4xx_hal_rcc.o(.text.HAL_RCC_GetPCLK1Freq)
    [Anonymous Symbol]                       0x08001964   Section        0  stm32f4xx_hal_rcc.o(.text.HAL_RCC_GetPCLK2Freq)
    [Anonymous Symbol]                       0x0800198c   Section        0  stm32f4xx_hal_rcc_ex.o(.text.HAL_RCC_GetSysClockFreq)
    [Anonymous Symbol]                       0x08001a34   Section        0  stm32f4xx_hal_rcc_ex.o(.text.HAL_RCC_OscConfig)
    [Anonymous Symbol]                       0x08001de0   Section        0  stm32f4xx_hal_cortex.o(.text.HAL_SYSTICK_Config)
    [Anonymous Symbol]                       0x08001e0c   Section        0  stm32f4xx_hal_uart.o(.text.HAL_UART_Init)
    [Anonymous Symbol]                       0x08001e6c   Section        0  stm32f4xx_hal_msp.o(.text.HAL_UART_MspInit)
    [Anonymous Symbol]                       0x08001ed8   Section        0  stm32f4xx_hal_uart.o(.text.HAL_UART_Transmit)
    [Anonymous Symbol]                       0x08002158   Section        0  stm32f4xx_it.o(.text.HardFault_Handler)
    [Anonymous Symbol]                       0x0800215c   Section        0  config.o(.text.MX_ADC3_Init)
    [Anonymous Symbol]                       0x080021d4   Section        0  config.o(.text.MX_DAC_Init)
    [Anonymous Symbol]                       0x08002220   Section        0  config.o(.text.MX_GPIO_Init)
    [Anonymous Symbol]                       0x080023a8   Section        0  config.o(.text.MX_USART3_UART_Init)
    [Anonymous Symbol]                       0x080023e8   Section        0  config.o(.text.MX_USB_OTG_FS_PCD_Init)
    [Anonymous Symbol]                       0x08002428   Section        0  stm32f4xx_it.o(.text.MemManage_Handler)
    [Anonymous Symbol]                       0x0800242c   Section        0  stm32f4xx_it.o(.text.NMI_Handler)
    [Anonymous Symbol]                       0x08002430   Section        0  stm32f4xx_it.o(.text.PendSV_Handler)
    [Anonymous Symbol]                       0x08002434   Section        0  stm32f4xx_it.o(.text.SVC_Handler)
    [Anonymous Symbol]                       0x08002438   Section        0  stm32f4xx_it.o(.text.SysTick_Handler)
    [Anonymous Symbol]                       0x0800243c   Section        0  config.o(.text.SystemClock_Config)
    [Anonymous Symbol]                       0x080024f0   Section        0  system_stm32f4xx.o(.text.SystemInit)
    UART_SetConfig                           0x08002505   Thumb Code   226  stm32f4xx_hal_uart.o(.text.UART_SetConfig)
    [Anonymous Symbol]                       0x08002504   Section        0  stm32f4xx_hal_uart.o(.text.UART_SetConfig)
    [Anonymous Symbol]                       0x080025e8   Section        0  stm32f4xx_ll_usb.o(.text.USB_CoreInit)
    [Anonymous Symbol]                       0x080027c8   Section        0  stm32f4xx_ll_usb.o(.text.USB_DevDisconnect)
    [Anonymous Symbol]                       0x080027e8   Section        0  stm32f4xx_ll_usb.o(.text.USB_DevInit)
    [Anonymous Symbol]                       0x08002c64   Section        0  stm32f4xx_ll_usb.o(.text.USB_DisableGlobalInt)
    [Anonymous Symbol]                       0x08002c74   Section        0  stm32f4xx_ll_usb.o(.text.USB_SetCurrentMode)
    [Anonymous Symbol]                       0x08002cd8   Section        0  stm32f4xx_it.o(.text.UsageFault_Handler)
    [Anonymous Symbol]                       0x08002ce0   Section        0  main.o(.text.main)
    [Anonymous Symbol]                       0x08002de0   Section        0  config.o(.text.print_msg)
    i.__ARM_fpclassify                       0x08002dfe   Section        0  fpclassify.o(i.__ARM_fpclassify)
    i.__hardfp_sin                           0x08002e30   Section        0  sin.o(i.__hardfp_sin)
    i.__ieee754_rem_pio2                     0x08002ef8   Section        0  rred.o(i.__ieee754_rem_pio2)
    i.__kernel_cos                           0x08003330   Section        0  cos_i.o(i.__kernel_cos)
    i.__kernel_poly                          0x080034a0   Section        0  poly.o(i.__kernel_poly)
    i.__kernel_sin                           0x08003598   Section        0  sin_i.o(i.__kernel_sin)
    i.__mathlib_dbl_infnan                   0x080036c8   Section        0  dunder.o(i.__mathlib_dbl_infnan)
    i.__mathlib_dbl_invalid                  0x080036e0   Section        0  dunder.o(i.__mathlib_dbl_invalid)
    i.__mathlib_dbl_underflow                0x08003700   Section        0  dunder.o(i.__mathlib_dbl_underflow)
    i.fabs                                   0x08003720   Section        0  fabs.o(i.fabs)
    $v0                                      0x08003738   Number         0  basic.o(x$fpl$basic)
    x$fpl$basic                              0x08003738   Section       24  basic.o(x$fpl$basic)
    $v0                                      0x08003750   Number         0  daddsub_clz.o(x$fpl$dadd)
    x$fpl$dadd                               0x08003750   Section      336  daddsub_clz.o(x$fpl$dadd)
    _dadd1                                   0x08003761   Thumb Code     0  daddsub_clz.o(x$fpl$dadd)
    $v0                                      0x080038a0   Number         0  ddiv.o(x$fpl$ddiv)
    x$fpl$ddiv                               0x080038a0   Section      692  ddiv.o(x$fpl$ddiv)
    ddiv_entry                               0x080038a7   Thumb Code     0  ddiv.o(x$fpl$ddiv)
    $v0                                      0x08003b54   Number         0  dfix.o(x$fpl$dfix)
    x$fpl$dfix                               0x08003b54   Section       94  dfix.o(x$fpl$dfix)
    $v0                                      0x08003bb2   Number         0  dflt_clz.o(x$fpl$dflt)
    x$fpl$dflt                               0x08003bb2   Section       46  dflt_clz.o(x$fpl$dflt)
    $v0                                      0x08003be0   Number         0  dflt_clz.o(x$fpl$dfltu)
    x$fpl$dfltu                              0x08003be0   Section       38  dflt_clz.o(x$fpl$dfltu)
    $v0                                      0x08003c08   Number         0  dmul.o(x$fpl$dmul)
    x$fpl$dmul                               0x08003c08   Section      340  dmul.o(x$fpl$dmul)
    $v0                                      0x08003d5c   Number         0  dnaninf.o(x$fpl$dnaninf)
    x$fpl$dnaninf                            0x08003d5c   Section      156  dnaninf.o(x$fpl$dnaninf)
    $v0                                      0x08003df8   Number         0  dretinf.o(x$fpl$dretinf)
    x$fpl$dretinf                            0x08003df8   Section       12  dretinf.o(x$fpl$dretinf)
    $v0                                      0x08003e04   Number         0  daddsub_clz.o(x$fpl$drsb)
    x$fpl$drsb                               0x08003e04   Section       22  daddsub_clz.o(x$fpl$drsb)
    $v0                                      0x08003e1c   Number         0  daddsub_clz.o(x$fpl$dsub)
    x$fpl$dsub                               0x08003e1c   Section      476  daddsub_clz.o(x$fpl$dsub)
    _dsub1                                   0x08003e2d   Thumb Code     0  daddsub_clz.o(x$fpl$dsub)
    $v0                                      0x08003ff8   Number         0  f2d.o(x$fpl$f2d)
    x$fpl$f2d                                0x08003ff8   Section       86  f2d.o(x$fpl$f2d)
    $v0                                      0x0800404e   Number         0  fnaninf.o(x$fpl$fnaninf)
    x$fpl$fnaninf                            0x0800404e   Section      140  fnaninf.o(x$fpl$fnaninf)
    $v0                                      0x080040da   Number         0  fpinit.o(x$fpl$fpinit)
    x$fpl$fpinit                             0x080040da   Section       26  fpinit.o(x$fpl$fpinit)
    x$fpl$usenofp                            0x080040f4   Section        0  usenofp.o(x$fpl$usenofp)
    C                                        0x080040f8   Data          48  cos_i.o(.constdata)
    .constdata                               0x080040f8   Section       48  cos_i.o(.constdata)
    pio2s                                    0x08004128   Data          48  rred.o(.constdata)
    .constdata                               0x08004128   Section      204  rred.o(.constdata)
    twooverpi                                0x08004158   Data         156  rred.o(.constdata)
    S                                        0x080041f8   Data          40  sin_i.o(.constdata)
    .constdata                               0x080041f8   Section       40  sin_i.o(.constdata)
    .L_MergedGlobals                         0x20000000   Data           8  stm32f4xx_hal.o(.data..L_MergedGlobals)
    [Anonymous Symbol]                       0x20000000   Section        0  stm32f4xx_hal.o(.data..L_MergedGlobals)
    .bss                                     0x20000010   Section       96  libspace.o(.bss)
    Heap_Mem                                 0x20000620   Data         512  startup_stm32f446xx.o(HEAP)
    HEAP                                     0x20000620   Section      512  startup_stm32f446xx.o(HEAP)
    Stack_Mem                                0x20000820   Data        1024  startup_stm32f446xx.o(STACK)
    STACK                                    0x20000820   Section     1024  startup_stm32f446xx.o(STACK)
    __initial_sp                             0x20000c20   Data           0  startup_stm32f446xx.o(STACK)

    Global Symbols

    Symbol Name                              Value     Ov Type        Size  Object(Section)

    BuildAttributes$$THM_ISAv4$E$P$D$K$B$S$7EM$VFPi3$EXTD16$VFPS$VFMA$PE$A:L22UL41UL21$X:L11$S22US41US21$IEEE1$IW$~IW$USESV6$~STKCKD$USESV7$~SHL$OTIME$ROPI$IEEEX$EBA8$UX$STANDARDLIB$REQ8$PRES8$EABIv2 0x00000000   Number         0  anon$$obj.o ABSOLUTE
    __ARM_exceptions_init                     - Undefined Weak Reference
    __alloca_initialize                       - Undefined Weak Reference
    __arm_preinit_                            - Undefined Weak Reference
    __arm_relocate_pie_                       - Undefined Weak Reference
    __cpp_initialize__aeabi_                  - Undefined Weak Reference
    __cxa_finalize                            - Undefined Weak Reference
    __rt_locale                               - Undefined Weak Reference
    __sigvec_lookup                           - Undefined Weak Reference
    _atexit_init                              - Undefined Weak Reference
    _call_atexit_fns                          - Undefined Weak Reference
    _clock_init                               - Undefined Weak Reference
    _fp_trap_init                             - Undefined Weak Reference
    _fp_trap_shutdown                         - Undefined Weak Reference
    _get_lc_collate                           - Undefined Weak Reference
    _get_lc_ctype                             - Undefined Weak Reference
    _get_lc_monetary                          - Undefined Weak Reference
    _get_lc_numeric                           - Undefined Weak Reference
    _get_lc_time                              - Undefined Weak Reference
    _getenv_init                              - Undefined Weak Reference
    _handle_redirection                       - Undefined Weak Reference
    _init_alloc                               - Undefined Weak Reference
    _init_user_alloc                          - Undefined Weak Reference
    _initio                                   - Undefined Weak Reference
    _printf_post_padding                      - Undefined Weak Reference
    _printf_pre_padding                       - Undefined Weak Reference
    _printf_truncate_signed                   - Undefined Weak Reference
    _printf_truncate_unsigned                 - Undefined Weak Reference
    _rand_init                                - Undefined Weak Reference
    _signal_finish                            - Undefined Weak Reference
    _signal_init                              - Undefined Weak Reference
    _terminate_alloc                          - Undefined Weak Reference
    _terminate_user_alloc                     - Undefined Weak Reference
    _terminateio                              - Undefined Weak Reference
    __Vectors_Size                           0x000001c4   Number         0  startup_stm32f446xx.o ABSOLUTE
    __Vectors                                0x08000000   Data           4  startup_stm32f446xx.o(RESET)
    __Vectors_End                            0x080001c4   Data           0  startup_stm32f446xx.o(RESET)
    __main                                   0x080001c5   Thumb Code     8  __main.o(!!!main)
    __scatterload                            0x080001cd   Thumb Code     0  __scatter.o(!!!scatter)
    __scatterload_rt2                        0x080001cd   Thumb Code    44  __scatter.o(!!!scatter)
    __scatterload_rt2_thumb_only             0x080001cd   Thumb Code     0  __scatter.o(!!!scatter)
    __scatterload_null                       0x080001db   Thumb Code     0  __scatter.o(!!!scatter)
    __scatterload_copy                       0x08000201   Thumb Code    26  __scatter_copy.o(!!handler_copy)
    __scatterload_zeroinit                   0x0800021d   Thumb Code    28  __scatter_zi.o(!!handler_zi)
    _printf_d                                0x08000239   Thumb Code     0  _printf_d.o(.ARM.Collect$$_printf_percent$$00000009)
    _printf_percent                          0x08000239   Thumb Code     0  _printf_percent.o(.ARM.Collect$$_printf_percent$$00000000)
    _printf_percent_end                      0x0800023f   Thumb Code     0  _printf_percent_end.o(.ARM.Collect$$_printf_percent$$00000017)
    __rt_lib_init                            0x08000243   Thumb Code     0  libinit.o(.ARM.Collect$$libinit$$00000000)
    __rt_lib_init_fp_1                       0x08000245   Thumb Code     0  libinit2.o(.ARM.Collect$$libinit$$00000001)
    __rt_lib_init_alloca_1                   0x08000249   Thumb Code     0  libinit2.o(.ARM.Collect$$libinit$$00000030)
    __rt_lib_init_argv_1                     0x08000249   Thumb Code     0  libinit2.o(.ARM.Collect$$libinit$$0000002E)
    __rt_lib_init_atexit_1                   0x08000249   Thumb Code     0  libinit2.o(.ARM.Collect$$libinit$$0000001D)
    __rt_lib_init_clock_1                    0x08000249   Thumb Code     0  libinit2.o(.ARM.Collect$$libinit$$00000023)
    __rt_lib_init_cpp_1                      0x08000249   Thumb Code     0  libinit2.o(.ARM.Collect$$libinit$$00000034)
    __rt_lib_init_exceptions_1               0x08000249   Thumb Code     0  libinit2.o(.ARM.Collect$$libinit$$00000032)
    __rt_lib_init_fp_trap_1                  0x08000249   Thumb Code     0  libinit2.o(.ARM.Collect$$libinit$$00000021)
    __rt_lib_init_getenv_1                   0x08000249   Thumb Code     0  libinit2.o(.ARM.Collect$$libinit$$00000025)
    __rt_lib_init_heap_1                     0x08000249   Thumb Code     0  libinit2.o(.ARM.Collect$$libinit$$0000000C)
    __rt_lib_init_lc_collate_1               0x08000249   Thumb Code     0  libinit2.o(.ARM.Collect$$libinit$$00000013)
    __rt_lib_init_lc_ctype_1                 0x08000249   Thumb Code     0  libinit2.o(.ARM.Collect$$libinit$$00000015)
    __rt_lib_init_lc_monetary_1              0x08000249   Thumb Code     0  libinit2.o(.ARM.Collect$$libinit$$00000017)
    __rt_lib_init_lc_numeric_1               0x08000249   Thumb Code     0  libinit2.o(.ARM.Collect$$libinit$$00000019)
    __rt_lib_init_lc_time_1                  0x08000249   Thumb Code     0  libinit2.o(.ARM.Collect$$libinit$$0000001B)
    __rt_lib_init_preinit_1                  0x08000249   Thumb Code     0  libinit2.o(.ARM.Collect$$libinit$$00000006)
    __rt_lib_init_rand_1                     0x08000249   Thumb Code     0  libinit2.o(.ARM.Collect$$libinit$$00000010)
    __rt_lib_init_relocate_pie_1             0x08000249   Thumb Code     0  libinit2.o(.ARM.Collect$$libinit$$00000004)
    __rt_lib_init_return                     0x08000249   Thumb Code     0  libinit2.o(.ARM.Collect$$libinit$$00000035)
    __rt_lib_init_signal_1                   0x08000249   Thumb Code     0  libinit2.o(.ARM.Collect$$libinit$$0000001F)
    __rt_lib_init_stdio_1                    0x08000249   Thumb Code     0  libinit2.o(.ARM.Collect$$libinit$$00000027)
    __rt_lib_init_user_alloc_1               0x08000249   Thumb Code     0  libinit2.o(.ARM.Collect$$libinit$$0000000E)
    __rt_lib_shutdown                        0x0800024b   Thumb Code     0  libshutdown.o(.ARM.Collect$$libshutdown$$00000000)
    __rt_lib_shutdown_cpp_1                  0x0800024d   Thumb Code     0  libshutdown2.o(.ARM.Collect$$libshutdown$$00000002)
    __rt_lib_shutdown_fp_trap_1              0x0800024d   Thumb Code     0  libshutdown2.o(.ARM.Collect$$libshutdown$$00000007)
    __rt_lib_shutdown_heap_1                 0x0800024d   Thumb Code     0  libshutdown2.o(.ARM.Collect$$libshutdown$$0000000F)
    __rt_lib_shutdown_return                 0x0800024d   Thumb Code     0  libshutdown2.o(.ARM.Collect$$libshutdown$$00000010)
    __rt_lib_shutdown_signal_1               0x0800024d   Thumb Code     0  libshutdown2.o(.ARM.Collect$$libshutdown$$0000000A)
    __rt_lib_shutdown_stdio_1                0x0800024d   Thumb Code     0  libshutdown2.o(.ARM.Collect$$libshutdown$$00000004)
    __rt_lib_shutdown_user_alloc_1           0x0800024d   Thumb Code     0  libshutdown2.o(.ARM.Collect$$libshutdown$$0000000C)
    __rt_entry                               0x0800024f   Thumb Code     0  __rtentry.o(.ARM.Collect$$rtentry$$00000000)
    __rt_entry_presh_1                       0x0800024f   Thumb Code     0  __rtentry2.o(.ARM.Collect$$rtentry$$00000002)
    __rt_entry_sh                            0x0800024f   Thumb Code     0  __rtentry4.o(.ARM.Collect$$rtentry$$00000004)
    __rt_entry_li                            0x08000255   Thumb Code     0  __rtentry2.o(.ARM.Collect$$rtentry$$0000000A)
    __rt_entry_postsh_1                      0x08000255   Thumb Code     0  __rtentry2.o(.ARM.Collect$$rtentry$$00000009)
    __rt_entry_main                          0x08000259   Thumb Code     0  __rtentry2.o(.ARM.Collect$$rtentry$$0000000D)
    __rt_entry_postli_1                      0x08000259   Thumb Code     0  __rtentry2.o(.ARM.Collect$$rtentry$$0000000C)
    __rt_exit                                0x08000261   Thumb Code     0  rtexit.o(.ARM.Collect$$rtexit$$00000000)
    __rt_exit_ls                             0x08000263   Thumb Code     0  rtexit2.o(.ARM.Collect$$rtexit$$00000003)
    __rt_exit_prels_1                        0x08000263   Thumb Code     0  rtexit2.o(.ARM.Collect$$rtexit$$00000002)
    __rt_exit_exit                           0x08000267   Thumb Code     0  rtexit2.o(.ARM.Collect$$rtexit$$00000004)
    Reset_Handler                            0x0800026d   Thumb Code     8  startup_stm32f446xx.o(.text)
    ADC_IRQHandler                           0x08000287   Thumb Code     0  startup_stm32f446xx.o(.text)
    CAN1_RX0_IRQHandler                      0x08000287   Thumb Code     0  startup_stm32f446xx.o(.text)
    CAN1_RX1_IRQHandler                      0x08000287   Thumb Code     0  startup_stm32f446xx.o(.text)
    CAN1_SCE_IRQHandler                      0x08000287   Thumb Code     0  startup_stm32f446xx.o(.text)
    CAN1_TX_IRQHandler                       0x08000287   Thumb Code     0  startup_stm32f446xx.o(.text)
    CAN2_RX0_IRQHandler                      0x08000287   Thumb Code     0  startup_stm32f446xx.o(.text)
    CAN2_RX1_IRQHandler                      0x08000287   Thumb Code     0  startup_stm32f446xx.o(.text)
    CAN2_SCE_IRQHandler                      0x08000287   Thumb Code     0  startup_stm32f446xx.o(.text)
    CAN2_TX_IRQHandler                       0x08000287   Thumb Code     0  startup_stm32f446xx.o(.text)
    CEC_IRQHandler                           0x08000287   Thumb Code     0  startup_stm32f446xx.o(.text)
    DCMI_IRQHandler                          0x08000287   Thumb Code     0  startup_stm32f446xx.o(.text)
    DMA1_Stream0_IRQHandler                  0x08000287   Thumb Code     0  startup_stm32f446xx.o(.text)
    DMA1_Stream1_IRQHandler                  0x08000287   Thumb Code     0  startup_stm32f446xx.o(.text)
    DMA1_Stream2_IRQHandler                  0x08000287   Thumb Code     0  startup_stm32f446xx.o(.text)
    DMA1_Stream3_IRQHandler                  0x08000287   Thumb Code     0  startup_stm32f446xx.o(.text)
    DMA1_Stream4_IRQHandler                  0x08000287   Thumb Code     0  startup_stm32f446xx.o(.text)
    DMA1_Stream5_IRQHandler                  0x08000287   Thumb Code     0  startup_stm32f446xx.o(.text)
    DMA1_Stream6_IRQHandler                  0x08000287   Thumb Code     0  startup_stm32f446xx.o(.text)
    DMA1_Stream7_IRQHandler                  0x08000287   Thumb Code     0  startup_stm32f446xx.o(.text)
    DMA2_Stream0_IRQHandler                  0x08000287   Thumb Code     0  startup_stm32f446xx.o(.text)
    DMA2_Stream1_IRQHandler                  0x08000287   Thumb Code     0  startup_stm32f446xx.o(.text)
    DMA2_Stream2_IRQHandler                  0x08000287   Thumb Code     0  startup_stm32f446xx.o(.text)
    DMA2_Stream3_IRQHandler                  0x08000287   Thumb Code     0  startup_stm32f446xx.o(.text)
    DMA2_Stream4_IRQHandler                  0x08000287   Thumb Code     0  startup_stm32f446xx.o(.text)
    DMA2_Stream5_IRQHandler                  0x08000287   Thumb Code     0  startup_stm32f446xx.o(.text)
    DMA2_Stream6_IRQHandler                  0x08000287   Thumb Code     0  startup_stm32f446xx.o(.text)
    DMA2_Stream7_IRQHandler                  0x08000287   Thumb Code     0  startup_stm32f446xx.o(.text)
    EXTI0_IRQHandler                         0x08000287   Thumb Code     0  startup_stm32f446xx.o(.text)
    EXTI1_IRQHandler                         0x08000287   Thumb Code     0  startup_stm32f446xx.o(.text)
    EXTI2_IRQHandler                         0x08000287   Thumb Code     0  startup_stm32f446xx.o(.text)
    EXTI3_IRQHandler                         0x08000287   Thumb Code     0  startup_stm32f446xx.o(.text)
    FLASH_IRQHandler                         0x08000287   Thumb Code     0  startup_stm32f446xx.o(.text)
    FMC_IRQHandler                           0x08000287   Thumb Code     0  startup_stm32f446xx.o(.text)
    FMPI2C1_ER_IRQHandler                    0x08000287   Thumb Code     0  startup_stm32f446xx.o(.text)
    FMPI2C1_EV_IRQHandler                    0x08000287   Thumb Code     0  startup_stm32f446xx.o(.text)
    FPU_IRQHandler                           0x08000287   Thumb Code     0  startup_stm32f446xx.o(.text)
    I2C1_ER_IRQHandler                       0x08000287   Thumb Code     0  startup_stm32f446xx.o(.text)
    I2C1_EV_IRQHandler                       0x08000287   Thumb Code     0  startup_stm32f446xx.o(.text)
    I2C2_ER_IRQHandler                       0x08000287   Thumb Code     0  startup_stm32f446xx.o(.text)
    I2C2_EV_IRQHandler                       0x08000287   Thumb Code     0  startup_stm32f446xx.o(.text)
    I2C3_ER_IRQHandler                       0x08000287   Thumb Code     0  startup_stm32f446xx.o(.text)
    I2C3_EV_IRQHandler                       0x08000287   Thumb Code     0  startup_stm32f446xx.o(.text)
    OTG_FS_IRQHandler                        0x08000287   Thumb Code     0  startup_stm32f446xx.o(.text)
    OTG_FS_WKUP_IRQHandler                   0x08000287   Thumb Code     0  startup_stm32f446xx.o(.text)
    OTG_HS_EP1_IN_IRQHandler                 0x08000287   Thumb Code     0  startup_stm32f446xx.o(.text)
    OTG_HS_EP1_OUT_IRQHandler                0x08000287   Thumb Code     0  startup_stm32f446xx.o(.text)
    OTG_HS_IRQHandler                        0x08000287   Thumb Code     0  startup_stm32f446xx.o(.text)
    OTG_HS_WKUP_IRQHandler                   0x08000287   Thumb Code     0  startup_stm32f446xx.o(.text)
    PVD_IRQHandler                           0x08000287   Thumb Code     0  startup_stm32f446xx.o(.text)
    QUADSPI_IRQHandler                       0x08000287   Thumb Code     0  startup_stm32f446xx.o(.text)
    RCC_IRQHandler                           0x08000287   Thumb Code     0  startup_stm32f446xx.o(.text)
    RTC_Alarm_IRQHandler                     0x08000287   Thumb Code     0  startup_stm32f446xx.o(.text)
    RTC_WKUP_IRQHandler                      0x08000287   Thumb Code     0  startup_stm32f446xx.o(.text)
    SAI1_IRQHandler                          0x08000287   Thumb Code     0  startup_stm32f446xx.o(.text)
    SAI2_IRQHandler                          0x08000287   Thumb Code     0  startup_stm32f446xx.o(.text)
    SDIO_IRQHandler                          0x08000287   Thumb Code     0  startup_stm32f446xx.o(.text)
    SPDIF_RX_IRQHandler                      0x08000287   Thumb Code     0  startup_stm32f446xx.o(.text)
    SPI1_IRQHandler                          0x08000287   Thumb Code     0  startup_stm32f446xx.o(.text)
    SPI2_IRQHandler                          0x08000287   Thumb Code     0  startup_stm32f446xx.o(.text)
    SPI3_IRQHandler                          0x08000287   Thumb Code     0  startup_stm32f446xx.o(.text)
    SPI4_IRQHandler                          0x08000287   Thumb Code     0  startup_stm32f446xx.o(.text)
    TAMP_STAMP_IRQHandler                    0x08000287   Thumb Code     0  startup_stm32f446xx.o(.text)
    TIM1_BRK_TIM9_IRQHandler                 0x08000287   Thumb Code     0  startup_stm32f446xx.o(.text)
    TIM1_CC_IRQHandler                       0x08000287   Thumb Code     0  startup_stm32f446xx.o(.text)
    TIM1_TRG_COM_TIM11_IRQHandler            0x08000287   Thumb Code     0  startup_stm32f446xx.o(.text)
    TIM1_UP_TIM10_IRQHandler                 0x08000287   Thumb Code     0  startup_stm32f446xx.o(.text)
    TIM2_IRQHandler                          0x08000287   Thumb Code     0  startup_stm32f446xx.o(.text)
    TIM3_IRQHandler                          0x08000287   Thumb Code     0  startup_stm32f446xx.o(.text)
    TIM4_IRQHandler                          0x08000287   Thumb Code     0  startup_stm32f446xx.o(.text)
    TIM5_IRQHandler                          0x08000287   Thumb Code     0  startup_stm32f446xx.o(.text)
    TIM6_DAC_IRQHandler                      0x08000287   Thumb Code     0  startup_stm32f446xx.o(.text)
    TIM7_IRQHandler                          0x08000287   Thumb Code     0  startup_stm32f446xx.o(.text)
    TIM8_BRK_TIM12_IRQHandler                0x08000287   Thumb Code     0  startup_stm32f446xx.o(.text)
    TIM8_CC_IRQHandler                       0x08000287   Thumb Code     0  startup_stm32f446xx.o(.text)
    TIM8_TRG_COM_TIM14_IRQHandler            0x08000287   Thumb Code     0  startup_stm32f446xx.o(.text)
    TIM8_UP_TIM13_IRQHandler                 0x08000287   Thumb Code     0  startup_stm32f446xx.o(.text)
    UART4_IRQHandler                         0x08000287   Thumb Code     0  startup_stm32f446xx.o(.text)
    UART5_IRQHandler                         0x08000287   Thumb Code     0  startup_stm32f446xx.o(.text)
    USART1_IRQHandler                        0x08000287   Thumb Code     0  startup_stm32f446xx.o(.text)
    USART2_IRQHandler                        0x08000287   Thumb Code     0  startup_stm32f446xx.o(.text)
    USART3_IRQHandler                        0x08000287   Thumb Code     0  startup_stm32f446xx.o(.text)
    USART6_IRQHandler                        0x08000287   Thumb Code     0  startup_stm32f446xx.o(.text)
    WWDG_IRQHandler                          0x08000287   Thumb Code     0  startup_stm32f446xx.o(.text)
    __user_initial_stackheap                 0x08000289   Thumb Code     0  startup_stm32f446xx.o(.text)
    __aeabi_uldivmod                         0x080002ad   Thumb Code     0  lludivv7m.o(.text)
    _ll_udiv                                 0x080002ad   Thumb Code   240  lludivv7m.o(.text)
    __2sprintf                               0x0800039d   Thumb Code    34  noretval__2sprintf.o(.text)
    __printf                                 0x080003c5   Thumb Code   104  __printf.o(.text)
    _printf_int_dec                          0x0800042d   Thumb Code   104  _printf_dec.o(.text)
    strlen                                   0x080004a5   Thumb Code    62  strlen.o(.text)
    __aeabi_memclr                           0x080004e3   Thumb Code     0  rt_memclr.o(.text)
    __rt_memclr                              0x080004e3   Thumb Code     0  rt_memclr.o(.text)
    _memset                                  0x080004e7   Thumb Code    64  rt_memclr.o(.text)
    __aeabi_memclr4                          0x08000527   Thumb Code     0  rt_memclr_w.o(.text)
    __aeabi_memclr8                          0x08000527   Thumb Code     0  rt_memclr_w.o(.text)
    __rt_memclr_w                            0x08000527   Thumb Code     0  rt_memclr_w.o(.text)
    _memset_w                                0x0800052b   Thumb Code    74  rt_memclr_w.o(.text)
    __use_two_region_memory                  0x08000575   Thumb Code     2  heapauxi.o(.text)
    __rt_heap_escrow$2region                 0x08000577   Thumb Code     2  heapauxi.o(.text)
    __rt_heap_expand$2region                 0x08000579   Thumb Code     2  heapauxi.o(.text)
    __read_errno                             0x0800057b   Thumb Code    10  _rserrno.o(.text)
    __set_errno                              0x08000585   Thumb Code    12  _rserrno.o(.text)
    _printf_int_common                       0x08000591   Thumb Code   178  _printf_intcommon.o(.text)
    _printf_char_common                      0x0800064f   Thumb Code    32  _printf_char_common.o(.text)
    _sputc                                   0x08000675   Thumb Code    10  _sputc.o(.text)
    __aeabi_errno_addr                       0x08000681   Thumb Code     8  rt_errno_addr_intlibspace.o(.text)
    __errno$intlibspace                      0x08000681   Thumb Code     0  rt_errno_addr_intlibspace.o(.text)
    __rt_errno_addr$intlibspace              0x08000681   Thumb Code     0  rt_errno_addr_intlibspace.o(.text)
    __user_libspace                          0x08000689   Thumb Code     8  libspace.o(.text)
    __user_perproc_libspace                  0x08000689   Thumb Code     0  libspace.o(.text)
    __user_perthread_libspace                0x08000689   Thumb Code     0  libspace.o(.text)
    __user_setup_stackheap                   0x08000691   Thumb Code    74  sys_stackheap_outer.o(.text)
    exit                                     0x080006db   Thumb Code    18  exit.o(.text)
    _sys_exit                                0x080006ed   Thumb Code     8  sys_exit.o(.text)
    __I$use$semihosting                      0x080006f9   Thumb Code     0  use_no_semi.o(.text)
    __use_no_semihosting_swi                 0x080006f9   Thumb Code     2  use_no_semi.o(.text)
    __semihosting_library_function           0x080006fb   Thumb Code     0  indicate_semi.o(.text)
    BusFault_Handler                         0x080006fd   Thumb Code     2  stm32f4xx_it.o(.text.BusFault_Handler)
    DebugMon_Handler                         0x08000701   Thumb Code     2  stm32f4xx_it.o(.text.DebugMon_Handler)
    EXTI15_10_IRQHandler                     0x08000705   Thumb Code     8  stm32f4xx_it.o(.text.EXTI15_10_IRQHandler)
    EXTI4_IRQHandler                         0x0800070d   Thumb Code     6  stm32f4xx_it.o(.text.EXTI4_IRQHandler)
    EXTI9_5_IRQHandler                       0x08000715   Thumb Code    24  stm32f4xx_it.o(.text.EXTI9_5_IRQHandler)
    Error_Handler                            0x0800072d   Thumb Code    10  config.o(.text.Error_Handler)
    HAL_ADC_ConfigChannel                    0x08000739   Thumb Code   346  stm32f4xx_hal_adc.o(.text.HAL_ADC_ConfigChannel)
    HAL_ADC_GetValue                         0x08000895   Thumb Code     6  stm32f4xx_hal_adc.o(.text.HAL_ADC_GetValue)
    HAL_ADC_Init                             0x0800089d   Thumb Code   350  stm32f4xx_hal_adc.o(.text.HAL_ADC_Init)
    HAL_ADC_MspInit                          0x080009fd   Thumb Code   100  stm32f4xx_hal_msp.o(.text.HAL_ADC_MspInit)
    HAL_ADC_PollForConversion                0x08000a61   Thumb Code   252  stm32f4xx_hal_adc.o(.text.HAL_ADC_PollForConversion)
    HAL_ADC_Start                            0x08000b5d   Thumb Code   342  stm32f4xx_hal_adc.o(.text.HAL_ADC_Start)
    HAL_DAC_ConfigChannel                    0x08000cb5   Thumb Code    76  stm32f4xx_hal_dac.o(.text.HAL_DAC_ConfigChannel)
    HAL_DAC_Init                             0x08000d01   Thumb Code    40  stm32f4xx_hal_dac.o(.text.HAL_DAC_Init)
    HAL_DAC_MspInit                          0x08000d29   Thumb Code   100  stm32f4xx_hal_msp.o(.text.HAL_DAC_MspInit)
    HAL_DAC_SetValue                         0x08000d8d   Thumb Code    38  stm32f4xx_hal_dac.o(.text.HAL_DAC_SetValue)
    HAL_DAC_Start                            0x08000db5   Thumb Code    88  stm32f4xx_hal_dac.o(.text.HAL_DAC_Start)
    HAL_Delay                                0x08000e0d   Thumb Code    40  stm32f4xx_hal.o(.text.HAL_Delay)
    HAL_GPIO_EXTI_Callback                   0x08000e35   Thumb Code     2  stm32f4xx_hal_gpio.o(.text.HAL_GPIO_EXTI_Callback)
    HAL_GPIO_EXTI_IRQHandler                 0x08000e39   Thumb Code    22  stm32f4xx_hal_gpio.o(.text.HAL_GPIO_EXTI_IRQHandler)
    HAL_GPIO_Init                            0x08000e51   Thumb Code   442  stm32f4xx_hal_gpio.o(.text.HAL_GPIO_Init)
    HAL_GPIO_WritePin                        0x0800100d   Thumb Code    10  stm32f4xx_hal_gpio.o(.text.HAL_GPIO_WritePin)
    HAL_GetTick                              0x08001019   Thumb Code    12  stm32f4xx_hal.o(.text.HAL_GetTick)
    HAL_IncTick                              0x08001025   Thumb Code    26  stm32f4xx_hal.o(.text.HAL_IncTick)
    HAL_Init                                 0x08001041   Thumb Code    54  stm32f4xx_hal.o(.text.HAL_Init)
    HAL_InitTick                             0x08001079   Thumb Code    72  stm32f4xx_hal.o(.text.HAL_InitTick)
    HAL_MspInit                              0x080010c1   Thumb Code    56  stm32f4xx_hal_msp.o(.text.HAL_MspInit)
    HAL_NVIC_EnableIRQ                       0x080010f9   Thumb Code    32  stm32f4xx_hal_cortex.o(.text.HAL_NVIC_EnableIRQ)
    HAL_NVIC_SetPriority                     0x08001119   Thumb Code    86  stm32f4xx_hal_cortex.o(.text.HAL_NVIC_SetPriority)
    HAL_NVIC_SetPriorityGrouping             0x08001171   Thumb Code    32  stm32f4xx_hal_cortex.o(.text.HAL_NVIC_SetPriorityGrouping)
    HAL_PCDEx_ActivateLPM                    0x08001191   Thumb Code    38  stm32f4xx_hal_pcd_ex.o(.text.HAL_PCDEx_ActivateLPM)
    HAL_PCD_Init                             0x080011b9   Thumb Code   326  stm32f4xx_hal_pcd.o(.text.HAL_PCD_Init)
    HAL_PCD_MspInit                          0x08001301   Thumb Code   164  stm32f4xx_hal_msp.o(.text.HAL_PCD_MspInit)
    HAL_RCCEx_PeriphCLKConfig                0x080013a5   Thumb Code  1078  stm32f4xx_hal_rcc_ex.o(.text.HAL_RCCEx_PeriphCLKConfig)
    HAL_RCC_ClockConfig                      0x080017dd   Thumb Code   352  stm32f4xx_hal_rcc.o(.text.HAL_RCC_ClockConfig)
    HAL_RCC_GetPCLK1Freq                     0x0800193d   Thumb Code    38  stm32f4xx_hal_rcc.o(.text.HAL_RCC_GetPCLK1Freq)
    HAL_RCC_GetPCLK2Freq                     0x08001965   Thumb Code    38  stm32f4xx_hal_rcc.o(.text.HAL_RCC_GetPCLK2Freq)
    HAL_RCC_GetSysClockFreq                  0x0800198d   Thumb Code   166  stm32f4xx_hal_rcc_ex.o(.text.HAL_RCC_GetSysClockFreq)
    HAL_RCC_OscConfig                        0x08001a35   Thumb Code   938  stm32f4xx_hal_rcc_ex.o(.text.HAL_RCC_OscConfig)
    HAL_SYSTICK_Config                       0x08001de1   Thumb Code    44  stm32f4xx_hal_cortex.o(.text.HAL_SYSTICK_Config)
    HAL_UART_Init                            0x08001e0d   Thumb Code    94  stm32f4xx_hal_uart.o(.text.HAL_UART_Init)
    HAL_UART_MspInit                         0x08001e6d   Thumb Code   108  stm32f4xx_hal_msp.o(.text.HAL_UART_MspInit)
    HAL_UART_Transmit                        0x08001ed9   Thumb Code   638  stm32f4xx_hal_uart.o(.text.HAL_UART_Transmit)
    HardFault_Handler                        0x08002159   Thumb Code     2  stm32f4xx_it.o(.text.HardFault_Handler)
    MX_ADC3_Init                             0x0800215d   Thumb Code   120  config.o(.text.MX_ADC3_Init)
    MX_DAC_Init                              0x080021d5   Thumb Code    76  config.o(.text.MX_DAC_Init)
    MX_GPIO_Init                             0x08002221   Thumb Code   390  config.o(.text.MX_GPIO_Init)
    MX_USART3_UART_Init                      0x080023a9   Thumb Code    62  config.o(.text.MX_USART3_UART_Init)
    MX_USB_OTG_FS_PCD_Init                   0x080023e9   Thumb Code    62  config.o(.text.MX_USB_OTG_FS_PCD_Init)
    MemManage_Handler                        0x08002429   Thumb Code     2  stm32f4xx_it.o(.text.MemManage_Handler)
    NMI_Handler                              0x0800242d   Thumb Code     2  stm32f4xx_it.o(.text.NMI_Handler)
    PendSV_Handler                           0x08002431   Thumb Code     2  stm32f4xx_it.o(.text.PendSV_Handler)
    SVC_Handler                              0x08002435   Thumb Code     2  stm32f4xx_it.o(.text.SVC_Handler)
    SysTick_Handler                          0x08002439   Thumb Code     4  stm32f4xx_it.o(.text.SysTick_Handler)
    SystemClock_Config                       0x0800243d   Thumb Code   180  config.o(.text.SystemClock_Config)
    SystemInit                               0x080024f1   Thumb Code    18  system_stm32f4xx.o(.text.SystemInit)
    USB_CoreInit                             0x080025e9   Thumb Code   478  stm32f4xx_ll_usb.o(.text.USB_CoreInit)
    USB_DevDisconnect                        0x080027c9   Thumb Code    30  stm32f4xx_ll_usb.o(.text.USB_DevDisconnect)
    USB_DevInit                              0x080027e9   Thumb Code  1146  stm32f4xx_ll_usb.o(.text.USB_DevInit)
    USB_DisableGlobalInt                     0x08002c65   Thumb Code    14  stm32f4xx_ll_usb.o(.text.USB_DisableGlobalInt)
    USB_SetCurrentMode                       0x08002c75   Thumb Code   100  stm32f4xx_ll_usb.o(.text.USB_SetCurrentMode)
    UsageFault_Handler                       0x08002cd9   Thumb Code     2  stm32f4xx_it.o(.text.UsageFault_Handler)
    main                                     0x08002ce1   Thumb Code   256  main.o(.text.main)
    print_msg                                0x08002de1   Thumb Code    30  config.o(.text.print_msg)
    __ARM_fpclassify                         0x08002dff   Thumb Code    48  fpclassify.o(i.__ARM_fpclassify)
    __hardfp_sin                             0x08002e31   Thumb Code   180  sin.o(i.__hardfp_sin)
    __ieee754_rem_pio2                       0x08002ef9   Thumb Code   938  rred.o(i.__ieee754_rem_pio2)
    __kernel_cos                             0x08003331   Thumb Code   322  cos_i.o(i.__kernel_cos)
    __kernel_poly                            0x080034a1   Thumb Code   248  poly.o(i.__kernel_poly)
    __kernel_sin                             0x08003599   Thumb Code   280  sin_i.o(i.__kernel_sin)
    __mathlib_dbl_infnan                     0x080036c9   Thumb Code    20  dunder.o(i.__mathlib_dbl_infnan)
    __mathlib_dbl_invalid                    0x080036e1   Thumb Code    24  dunder.o(i.__mathlib_dbl_invalid)
    __mathlib_dbl_underflow                  0x08003701   Thumb Code    24  dunder.o(i.__mathlib_dbl_underflow)
    fabs                                     0x08003721   Thumb Code    24  fabs.o(i.fabs)
    __aeabi_dneg                             0x08003739   Thumb Code     0  basic.o(x$fpl$basic)
    _dneg                                    0x08003739   Thumb Code     6  basic.o(x$fpl$basic)
    __aeabi_fneg                             0x0800373f   Thumb Code     0  basic.o(x$fpl$basic)
    _fneg                                    0x0800373f   Thumb Code     6  basic.o(x$fpl$basic)
    _dabs                                    0x08003745   Thumb Code     6  basic.o(x$fpl$basic)
    _fabs                                    0x0800374b   Thumb Code     6  basic.o(x$fpl$basic)
    __aeabi_dadd                             0x08003751   Thumb Code     0  daddsub_clz.o(x$fpl$dadd)
    _dadd                                    0x08003751   Thumb Code   332  daddsub_clz.o(x$fpl$dadd)
    __aeabi_ddiv                             0x080038a1   Thumb Code     0  ddiv.o(x$fpl$ddiv)
    _ddiv                                    0x080038a1   Thumb Code   556  ddiv.o(x$fpl$ddiv)
    __aeabi_d2iz                             0x08003b55   Thumb Code     0  dfix.o(x$fpl$dfix)
    _dfix                                    0x08003b55   Thumb Code    94  dfix.o(x$fpl$dfix)
    __aeabi_i2d                              0x08003bb3   Thumb Code     0  dflt_clz.o(x$fpl$dflt)
    _dflt                                    0x08003bb3   Thumb Code    46  dflt_clz.o(x$fpl$dflt)
    __aeabi_ui2d                             0x08003be1   Thumb Code     0  dflt_clz.o(x$fpl$dfltu)
    _dfltu                                   0x08003be1   Thumb Code    38  dflt_clz.o(x$fpl$dfltu)
    __aeabi_dmul                             0x08003c09   Thumb Code     0  dmul.o(x$fpl$dmul)
    _dmul                                    0x08003c09   Thumb Code   332  dmul.o(x$fpl$dmul)
    __fpl_dnaninf                            0x08003d5d   Thumb Code   156  dnaninf.o(x$fpl$dnaninf)
    __fpl_dretinf                            0x08003df9   Thumb Code    12  dretinf.o(x$fpl$dretinf)
    __aeabi_drsub                            0x08003e05   Thumb Code     0  daddsub_clz.o(x$fpl$drsb)
    _drsb                                    0x08003e05   Thumb Code    22  daddsub_clz.o(x$fpl$drsb)
    __aeabi_dsub                             0x08003e1d   Thumb Code     0  daddsub_clz.o(x$fpl$dsub)
    _dsub                                    0x08003e1d   Thumb Code   472  daddsub_clz.o(x$fpl$dsub)
    __aeabi_f2d                              0x08003ff9   Thumb Code     0  f2d.o(x$fpl$f2d)
    _f2d                                     0x08003ff9   Thumb Code    86  f2d.o(x$fpl$f2d)
    __fpl_fnaninf                            0x0800404f   Thumb Code   140  fnaninf.o(x$fpl$fnaninf)
    _fp_init                                 0x080040db   Thumb Code    26  fpinit.o(x$fpl$fpinit)
    __fplib_config_fpu_vfp                   0x080040f3   Thumb Code     0  fpinit.o(x$fpl$fpinit)
    __fplib_config_pureend_doubles           0x080040f3   Thumb Code     0  fpinit.o(x$fpl$fpinit)
    __I$use$fp                               0x080040f4   Number         0  usenofp.o(x$fpl$usenofp)
    AHBPrescTable                            0x08004220   Data          16  system_stm32f4xx.o(.rodata.AHBPrescTable)
    APBPrescTable                            0x08004230   Data           8  system_stm32f4xx.o(.rodata.APBPrescTable)
    Region$$Table$$Base                      0x08004238   Number         0  anon$$obj.o(Region$$Table)
    Region$$Table$$Limit                     0x08004258   Number         0  anon$$obj.o(Region$$Table)
    uwTickFreq                               0x20000000   Data           1  stm32f4xx_hal.o(.data..L_MergedGlobals)
    uwTickPrio                               0x20000004   Data           4  stm32f4xx_hal.o(.data..L_MergedGlobals)
    SystemCoreClock                          0x20000008   Data           4  system_stm32f4xx.o(.data.SystemCoreClock)
    __libspace_start                         0x20000010   Data          96  libspace.o(.bss)
    __temporary_stack_top$libspace           0x20000070   Data           0  libspace.o(.bss)
    hadc3                                    0x20000070   Data          72  config.o(.bss.hadc3)
    hdac                                     0x200000b8   Data          20  config.o(.bss.hdac)
    hpcd_USB_OTG_FS                          0x200000cc   Data        1292  config.o(.bss.hpcd_USB_OTG_FS)
    huart3                                   0x200005d8   Data          68  config.o(.bss.huart3)
    uwTick                                   0x2000061c   Data           4  stm32f4xx_hal.o(.bss.uwTick)



==============================================================================

Memory Map of the image

  Image Entry point : 0x080001c5

  Load Region LR_IROM1 (Base: 0x08000000, Size: 0x00004268, Max: 0x00080000, ABSOLUTE)

    Execution Region ER_IROM1 (Exec base: 0x08000000, Load base: 0x08000000, Size: 0x00004258, Max: 0x00080000, ABSOLUTE)

    Exec Addr    Load Addr    Size         Type   Attr      Idx    E Section Name        Object

    0x08000000   0x08000000   0x000001c4   Data   RO            3    RESET               startup_stm32f446xx.o
    0x080001c4   0x080001c4   0x00000008   Code   RO         1086  * !!!main             c_w.l(__main.o)
    0x080001cc   0x080001cc   0x00000034   Code   RO         1351    !!!scatter          c_w.l(__scatter.o)
    0x08000200   0x08000200   0x0000001a   Code   RO         1353    !!handler_copy      c_w.l(__scatter_copy.o)
    0x0800021a   0x0800021a   0x00000002   PAD
    0x0800021c   0x0800021c   0x0000001c   Code   RO         1355    !!handler_zi        c_w.l(__scatter_zi.o)
    0x08000238   0x08000238   0x00000000   Code   RO         1077    .ARM.Collect$$_printf_percent$$00000000  c_w.l(_printf_percent.o)
    0x08000238   0x08000238   0x00000006   Code   RO         1076    .ARM.Collect$$_printf_percent$$00000009  c_w.l(_printf_d.o)
    0x0800023e   0x0800023e   0x00000004   Code   RO         1115    .ARM.Collect$$_printf_percent$$00000017  c_w.l(_printf_percent_end.o)
    0x08000242   0x08000242   0x00000002   Code   RO         1216    .ARM.Collect$$libinit$$00000000  c_w.l(libinit.o)
    0x08000244   0x08000244   0x00000004   Code   RO         1225    .ARM.Collect$$libinit$$00000001  c_w.l(libinit2.o)
    0x08000248   0x08000248   0x00000000   Code   RO         1228    .ARM.Collect$$libinit$$00000004  c_w.l(libinit2.o)
    0x08000248   0x08000248   0x00000000   Code   RO         1230    .ARM.Collect$$libinit$$00000006  c_w.l(libinit2.o)
    0x08000248   0x08000248   0x00000000   Code   RO         1233    .ARM.Collect$$libinit$$0000000C  c_w.l(libinit2.o)
    0x08000248   0x08000248   0x00000000   Code   RO         1235    .ARM.Collect$$libinit$$0000000E  c_w.l(libinit2.o)
    0x08000248   0x08000248   0x00000000   Code   RO         1237    .ARM.Collect$$libinit$$00000010  c_w.l(libinit2.o)
    0x08000248   0x08000248   0x00000000   Code   RO         1240    .ARM.Collect$$libinit$$00000013  c_w.l(libinit2.o)
    0x08000248   0x08000248   0x00000000   Code   RO         1242    .ARM.Collect$$libinit$$00000015  c_w.l(libinit2.o)
    0x08000248   0x08000248   0x00000000   Code   RO         1244    .ARM.Collect$$libinit$$00000017  c_w.l(libinit2.o)
    0x08000248   0x08000248   0x00000000   Code   RO         1246    .ARM.Collect$$libinit$$00000019  c_w.l(libinit2.o)
    0x08000248   0x08000248   0x00000000   Code   RO         1248    .ARM.Collect$$libinit$$0000001B  c_w.l(libinit2.o)
    0x08000248   0x08000248   0x00000000   Code   RO         1250    .ARM.Collect$$libinit$$0000001D  c_w.l(libinit2.o)
    0x08000248   0x08000248   0x00000000   Code   RO         1252    .ARM.Collect$$libinit$$0000001F  c_w.l(libinit2.o)
    0x08000248   0x08000248   0x00000000   Code   RO         1254    .ARM.Collect$$libinit$$00000021  c_w.l(libinit2.o)
    0x08000248   0x08000248   0x00000000   Code   RO         1256    .ARM.Collect$$libinit$$00000023  c_w.l(libinit2.o)
    0x08000248   0x08000248   0x00000000   Code   RO         1258    .ARM.Collect$$libinit$$00000025  c_w.l(libinit2.o)
    0x08000248   0x08000248   0x00000000   Code   RO         1260    .ARM.Collect$$libinit$$00000027  c_w.l(libinit2.o)
    0x08000248   0x08000248   0x00000000   Code   RO         1264    .ARM.Collect$$libinit$$0000002E  c_w.l(libinit2.o)
    0x08000248   0x08000248   0x00000000   Code   RO         1266    .ARM.Collect$$libinit$$00000030  c_w.l(libinit2.o)
    0x08000248   0x08000248   0x00000000   Code   RO         1268    .ARM.Collect$$libinit$$00000032  c_w.l(libinit2.o)
    0x08000248   0x08000248   0x00000000   Code   RO         1270    .ARM.Collect$$libinit$$00000034  c_w.l(libinit2.o)
    0x08000248   0x08000248   0x00000002   Code   RO         1271    .ARM.Collect$$libinit$$00000035  c_w.l(libinit2.o)
    0x0800024a   0x0800024a   0x00000002   Code   RO         1306    .ARM.Collect$$libshutdown$$00000000  c_w.l(libshutdown.o)
    0x0800024c   0x0800024c   0x00000000   Code   RO         1334    .ARM.Collect$$libshutdown$$00000002  c_w.l(libshutdown2.o)
    0x0800024c   0x0800024c   0x00000000   Code   RO         1336    .ARM.Collect$$libshutdown$$00000004  c_w.l(libshutdown2.o)
    0x0800024c   0x0800024c   0x00000000   Code   RO         1339    .ARM.Collect$$libshutdown$$00000007  c_w.l(libshutdown2.o)
    0x0800024c   0x0800024c   0x00000000   Code   RO         1342    .ARM.Collect$$libshutdown$$0000000A  c_w.l(libshutdown2.o)
    0x0800024c   0x0800024c   0x00000000   Code   RO         1344    .ARM.Collect$$libshutdown$$0000000C  c_w.l(libshutdown2.o)
    0x0800024c   0x0800024c   0x00000000   Code   RO         1347    .ARM.Collect$$libshutdown$$0000000F  c_w.l(libshutdown2.o)
    0x0800024c   0x0800024c   0x00000002   Code   RO         1348    .ARM.Collect$$libshutdown$$00000010  c_w.l(libshutdown2.o)
    0x0800024e   0x0800024e   0x00000000   Code   RO         1102    .ARM.Collect$$rtentry$$00000000  c_w.l(__rtentry.o)
    0x0800024e   0x0800024e   0x00000000   Code   RO         1151    .ARM.Collect$$rtentry$$00000002  c_w.l(__rtentry2.o)
    0x0800024e   0x0800024e   0x00000006   Code   RO         1163    .ARM.Collect$$rtentry$$00000004  c_w.l(__rtentry4.o)
    0x08000254   0x08000254   0x00000000   Code   RO         1153    .ARM.Collect$$rtentry$$00000009  c_w.l(__rtentry2.o)
    0x08000254   0x08000254   0x00000004   Code   RO         1154    .ARM.Collect$$rtentry$$0000000A  c_w.l(__rtentry2.o)
    0x08000258   0x08000258   0x00000000   Code   RO         1156    .ARM.Collect$$rtentry$$0000000C  c_w.l(__rtentry2.o)
    0x08000258   0x08000258   0x00000008   Code   RO         1157    .ARM.Collect$$rtentry$$0000000D  c_w.l(__rtentry2.o)
    0x08000260   0x08000260   0x00000002   Code   RO         1217    .ARM.Collect$$rtexit$$00000000  c_w.l(rtexit.o)
    0x08000262   0x08000262   0x00000000   Code   RO         1277    .ARM.Collect$$rtexit$$00000002  c_w.l(rtexit2.o)
    0x08000262   0x08000262   0x00000004   Code   RO         1278    .ARM.Collect$$rtexit$$00000003  c_w.l(rtexit2.o)
    0x08000266   0x08000266   0x00000006   Code   RO         1279    .ARM.Collect$$rtexit$$00000004  c_w.l(rtexit2.o)
    0x0800026c   0x0800026c   0x00000040   Code   RO            4    .text               startup_stm32f446xx.o
    0x080002ac   0x080002ac   0x000000f0   Code   RO         1046    .text               c_w.l(lludivv7m.o)
    0x0800039c   0x0800039c   0x00000028   Code   RO         1050    .text               c_w.l(noretval__2sprintf.o)
    0x080003c4   0x080003c4   0x00000068   Code   RO         1052    .text               c_w.l(__printf.o)
    0x0800042c   0x0800042c   0x00000078   Code   RO         1054    .text               c_w.l(_printf_dec.o)
    0x080004a4   0x080004a4   0x0000003e   Code   RO         1078    .text               c_w.l(strlen.o)
    0x080004e2   0x080004e2   0x00000044   Code   RO         1080    .text               c_w.l(rt_memclr.o)
    0x08000526   0x08000526   0x0000004e   Code   RO         1082    .text               c_w.l(rt_memclr_w.o)
    0x08000574   0x08000574   0x00000006   Code   RO         1084    .text               c_w.l(heapauxi.o)
    0x0800057a   0x0800057a   0x00000016   Code   RO         1107    .text               c_w.l(_rserrno.o)
    0x08000590   0x08000590   0x000000b2   Code   RO         1109    .text               c_w.l(_printf_intcommon.o)
    0x08000642   0x08000642   0x00000002   PAD
    0x08000644   0x08000644   0x00000030   Code   RO         1111    .text               c_w.l(_printf_char_common.o)
    0x08000674   0x08000674   0x0000000a   Code   RO         1113    .text               c_w.l(_sputc.o)
    0x0800067e   0x0800067e   0x00000002   PAD
    0x08000680   0x08000680   0x00000008   Code   RO         1170    .text               c_w.l(rt_errno_addr_intlibspace.o)
    0x08000688   0x08000688   0x00000008   Code   RO         1200    .text               c_w.l(libspace.o)
    0x08000690   0x08000690   0x0000004a   Code   RO         1203    .text               c_w.l(sys_stackheap_outer.o)
    0x080006da   0x080006da   0x00000012   Code   RO         1205    .text               c_w.l(exit.o)
    0x080006ec   0x080006ec   0x0000000c   Code   RO         1272    .text               c_w.l(sys_exit.o)
    0x080006f8   0x080006f8   0x00000002   Code   RO         1295    .text               c_w.l(use_no_semi.o)
    0x080006fa   0x080006fa   0x00000000   Code   RO         1297    .text               c_w.l(indicate_semi.o)
    0x080006fa   0x080006fa   0x00000002   PAD
    0x080006fc   0x080006fc   0x00000002   Code   RO           27    .text.BusFault_Handler  stm32f4xx_it.o
    0x080006fe   0x080006fe   0x00000002   PAD
    0x08000700   0x08000700   0x00000002   Code   RO           33    .text.DebugMon_Handler  stm32f4xx_it.o
    0x08000702   0x08000702   0x00000002   PAD
    0x08000704   0x08000704   0x00000008   Code   RO           43    .text.EXTI15_10_IRQHandler  stm32f4xx_it.o
    0x0800070c   0x0800070c   0x00000006   Code   RO           39    .text.EXTI4_IRQHandler  stm32f4xx_it.o
    0x08000712   0x08000712   0x00000002   PAD
    0x08000714   0x08000714   0x00000018   Code   RO           41    .text.EXTI9_5_IRQHandler  stm32f4xx_it.o
    0x0800072c   0x0800072c   0x0000000a   Code   RO           80    .text.Error_Handler  config.o
    0x08000736   0x08000736   0x00000002   PAD
    0x08000738   0x08000738   0x0000015a   Code   RO          148    .text.HAL_ADC_ConfigChannel  stm32f4xx_hal_adc.o
    0x08000892   0x08000892   0x00000002   PAD
    0x08000894   0x08000894   0x00000006   Code   RO          144    .text.HAL_ADC_GetValue  stm32f4xx_hal_adc.o
    0x0800089a   0x0800089a   0x00000002   PAD
    0x0800089c   0x0800089c   0x0000015e   Code   RO          106    .text.HAL_ADC_Init  stm32f4xx_hal_adc.o
    0x080009fa   0x080009fa   0x00000002   PAD
    0x080009fc   0x080009fc   0x00000064   Code   RO           54    .text.HAL_ADC_MspInit  stm32f4xx_hal_msp.o
    0x08000a60   0x08000a60   0x000000fc   Code   RO          118    .text.HAL_ADC_PollForConversion  stm32f4xx_hal_adc.o
    0x08000b5c   0x08000b5c   0x00000156   Code   RO          114    .text.HAL_ADC_Start  stm32f4xx_hal_adc.o
    0x08000cb2   0x08000cb2   0x00000002   PAD
    0x08000cb4   0x08000cb4   0x0000004c   Code   RO          658    .text.HAL_DAC_ConfigChannel  stm32f4xx_hal_dac.o
    0x08000d00   0x08000d00   0x00000028   Code   RO          622    .text.HAL_DAC_Init  stm32f4xx_hal_dac.o
    0x08000d28   0x08000d28   0x00000064   Code   RO           58    .text.HAL_DAC_MspInit  stm32f4xx_hal_msp.o
    0x08000d8c   0x08000d8c   0x00000026   Code   RO          648    .text.HAL_DAC_SetValue  stm32f4xx_hal_dac.o
    0x08000db2   0x08000db2   0x00000002   PAD
    0x08000db4   0x08000db4   0x00000058   Code   RO          630    .text.HAL_DAC_Start  stm32f4xx_hal_dac.o
    0x08000e0c   0x08000e0c   0x00000028   Code   RO          552    .text.HAL_Delay     stm32f4xx_hal.o
    0x08000e34   0x08000e34   0x00000002   Code   RO          361    .text.HAL_GPIO_EXTI_Callback  stm32f4xx_hal_gpio.o
    0x08000e36   0x08000e36   0x00000002   PAD
    0x08000e38   0x08000e38   0x00000016   Code   RO          359    .text.HAL_GPIO_EXTI_IRQHandler  stm32f4xx_hal_gpio.o
    0x08000e4e   0x08000e4e   0x00000002   PAD
    0x08000e50   0x08000e50   0x000001ba   Code   RO          347    .text.HAL_GPIO_Init  stm32f4xx_hal_gpio.o
    0x0800100a   0x0800100a   0x00000002   PAD
    0x0800100c   0x0800100c   0x0000000a   Code   RO          353    .text.HAL_GPIO_WritePin  stm32f4xx_hal_gpio.o
    0x08001016   0x08001016   0x00000002   PAD
    0x08001018   0x08001018   0x0000000c   Code   RO          544    .text.HAL_GetTick   stm32f4xx_hal.o
    0x08001024   0x08001024   0x0000001a   Code   RO          542    .text.HAL_IncTick   stm32f4xx_hal.o
    0x0800103e   0x0800103e   0x00000002   PAD
    0x08001040   0x08001040   0x00000036   Code   RO          532    .text.HAL_Init      stm32f4xx_hal.o
    0x08001076   0x08001076   0x00000002   PAD
    0x08001078   0x08001078   0x00000048   Code   RO          534    .text.HAL_InitTick  stm32f4xx_hal.o
    0x080010c0   0x080010c0   0x00000038   Code   RO           52    .text.HAL_MspInit   stm32f4xx_hal_msp.o
    0x080010f8   0x080010f8   0x00000020   Code   RO          490    .text.HAL_NVIC_EnableIRQ  stm32f4xx_hal_cortex.o
    0x08001118   0x08001118   0x00000056   Code   RO          488    .text.HAL_NVIC_SetPriority  stm32f4xx_hal_cortex.o
    0x0800116e   0x0800116e   0x00000002   PAD
    0x08001170   0x08001170   0x00000020   Code   RO          486    .text.HAL_NVIC_SetPriorityGrouping  stm32f4xx_hal_cortex.o
    0x08001190   0x08001190   0x00000026   Code   RO          910    .text.HAL_PCDEx_ActivateLPM  stm32f4xx_hal_pcd_ex.o
    0x080011b6   0x080011b6   0x00000002   PAD
    0x080011b8   0x080011b8   0x00000146   Code   RO          828    .text.HAL_PCD_Init  stm32f4xx_hal_pcd.o
    0x080012fe   0x080012fe   0x00000002   PAD
    0x08001300   0x08001300   0x000000a4   Code   RO           66    .text.HAL_PCD_MspInit  stm32f4xx_hal_msp.o
    0x080013a4   0x080013a4   0x00000436   Code   RO          239    .text.HAL_RCCEx_PeriphCLKConfig  stm32f4xx_hal_rcc_ex.o
    0x080017da   0x080017da   0x00000002   PAD
    0x080017dc   0x080017dc   0x00000160   Code   RO          207    .text.HAL_RCC_ClockConfig  stm32f4xx_hal_rcc.o
    0x0800193c   0x0800193c   0x00000026   Code   RO          219    .text.HAL_RCC_GetPCLK1Freq  stm32f4xx_hal_rcc.o
    0x08001962   0x08001962   0x00000002   PAD
    0x08001964   0x08001964   0x00000026   Code   RO          221    .text.HAL_RCC_GetPCLK2Freq  stm32f4xx_hal_rcc.o
    0x0800198a   0x0800198a   0x00000002   PAD
    0x0800198c   0x0800198c   0x000000a6   Code   RO          255    .text.HAL_RCC_GetSysClockFreq  stm32f4xx_hal_rcc_ex.o
    0x08001a32   0x08001a32   0x00000002   PAD
    0x08001a34   0x08001a34   0x000003aa   Code   RO          259    .text.HAL_RCC_OscConfig  stm32f4xx_hal_rcc_ex.o
    0x08001dde   0x08001dde   0x00000002   PAD
    0x08001de0   0x08001de0   0x0000002c   Code   RO          498    .text.HAL_SYSTICK_Config  stm32f4xx_hal_cortex.o
    0x08001e0c   0x08001e0c   0x0000005e   Code   RO          708    .text.HAL_UART_Init  stm32f4xx_hal_uart.o
    0x08001e6a   0x08001e6a   0x00000002   PAD
    0x08001e6c   0x08001e6c   0x0000006c   Code   RO           62    .text.HAL_UART_MspInit  stm32f4xx_hal_msp.o
    0x08001ed8   0x08001ed8   0x0000027e   Code   RO          724    .text.HAL_UART_Transmit  stm32f4xx_hal_uart.o
    0x08002156   0x08002156   0x00000002   PAD
    0x08002158   0x08002158   0x00000002   Code   RO           23    .text.HardFault_Handler  stm32f4xx_it.o
    0x0800215a   0x0800215a   0x00000002   PAD
    0x0800215c   0x0800215c   0x00000078   Code   RO           82    .text.MX_ADC3_Init  config.o
    0x080021d4   0x080021d4   0x0000004c   Code   RO           84    .text.MX_DAC_Init   config.o
    0x08002220   0x08002220   0x00000186   Code   RO           90    .text.MX_GPIO_Init  config.o
    0x080023a6   0x080023a6   0x00000002   PAD
    0x080023a8   0x080023a8   0x0000003e   Code   RO           86    .text.MX_USART3_UART_Init  config.o
    0x080023e6   0x080023e6   0x00000002   PAD
    0x080023e8   0x080023e8   0x0000003e   Code   RO           88    .text.MX_USB_OTG_FS_PCD_Init  config.o
    0x08002426   0x08002426   0x00000002   PAD
    0x08002428   0x08002428   0x00000002   Code   RO           25    .text.MemManage_Handler  stm32f4xx_it.o
    0x0800242a   0x0800242a   0x00000002   PAD
    0x0800242c   0x0800242c   0x00000002   Code   RO           21    .text.NMI_Handler   stm32f4xx_it.o
    0x0800242e   0x0800242e   0x00000002   PAD
    0x08002430   0x08002430   0x00000002   Code   RO           35    .text.PendSV_Handler  stm32f4xx_it.o
    0x08002432   0x08002432   0x00000002   PAD
    0x08002434   0x08002434   0x00000002   Code   RO           31    .text.SVC_Handler   stm32f4xx_it.o
    0x08002436   0x08002436   0x00000002   PAD
    0x08002438   0x08002438   0x00000004   Code   RO           37    .text.SysTick_Handler  stm32f4xx_it.o
    0x0800243c   0x0800243c   0x000000b4   Code   RO           78    .text.SystemClock_Config  config.o
    0x080024f0   0x080024f0   0x00000012   Code   RO         1030    .text.SystemInit    system_stm32f4xx.o
    0x08002502   0x08002502   0x00000002   PAD
    0x08002504   0x08002504   0x000000e2   Code   RO          712    .text.UART_SetConfig  stm32f4xx_hal_uart.o
    0x080025e6   0x080025e6   0x00000002   PAD
    0x080025e8   0x080025e8   0x000001de   Code   RO          926    .text.USB_CoreInit  stm32f4xx_ll_usb.o
    0x080027c6   0x080027c6   0x00000002   PAD
    0x080027c8   0x080027c8   0x0000001e   Code   RO          976    .text.USB_DevDisconnect  stm32f4xx_ll_usb.o
    0x080027e6   0x080027e6   0x00000002   PAD
    0x080027e8   0x080027e8   0x0000047a   Code   RO          938    .text.USB_DevInit   stm32f4xx_ll_usb.o
    0x08002c62   0x08002c62   0x00000002   PAD
    0x08002c64   0x08002c64   0x0000000e   Code   RO          932    .text.USB_DisableGlobalInt  stm32f4xx_ll_usb.o
    0x08002c72   0x08002c72   0x00000002   PAD
    0x08002c74   0x08002c74   0x00000064   Code   RO          934    .text.USB_SetCurrentMode  stm32f4xx_ll_usb.o
    0x08002cd8   0x08002cd8   0x00000002   Code   RO           29    .text.UsageFault_Handler  stm32f4xx_it.o
    0x08002cda   0x08002cda   0x00000006   PAD
    0x08002ce0   0x08002ce0   0x00000100   Code   RO           11    .text.main          main.o
    0x08002de0   0x08002de0   0x0000001e   Code   RO           92    .text.print_msg     config.o
    0x08002dfe   0x08002dfe   0x00000030   Code   RO         1196    i.__ARM_fpclassify  m_wm.l(fpclassify.o)
    0x08002e2e   0x08002e2e   0x00000002   PAD
    0x08002e30   0x08002e30   0x000000c8   Code   RO         1096    i.__hardfp_sin      m_wm.l(sin.o)
    0x08002ef8   0x08002ef8   0x00000438   Code   RO         1142    i.__ieee754_rem_pio2  m_wm.l(rred.o)
    0x08003330   0x08003330   0x00000170   Code   RO         1125    i.__kernel_cos      m_wm.l(cos_i.o)
    0x080034a0   0x080034a0   0x000000f8   Code   RO         1198    i.__kernel_poly     m_wm.l(poly.o)
    0x08003598   0x08003598   0x00000130   Code   RO         1147    i.__kernel_sin      m_wm.l(sin_i.o)
    0x080036c8   0x080036c8   0x00000014   Code   RO         1129    i.__mathlib_dbl_infnan  m_wm.l(dunder.o)
    0x080036dc   0x080036dc   0x00000004   PAD
    0x080036e0   0x080036e0   0x00000020   Code   RO         1131    i.__mathlib_dbl_invalid  m_wm.l(dunder.o)
    0x08003700   0x08003700   0x00000020   Code   RO         1134    i.__mathlib_dbl_underflow  m_wm.l(dunder.o)
    0x08003720   0x08003720   0x00000018   Code   RO         1192    i.fabs              m_wm.l(fabs.o)
    0x08003738   0x08003738   0x00000018   Code   RO         1116    x$fpl$basic         fz_wm.l(basic.o)
    0x08003750   0x08003750   0x00000150   Code   RO         1174    x$fpl$dadd          fz_wm.l(daddsub_clz.o)
    0x080038a0   0x080038a0   0x000002b4   Code   RO         1181    x$fpl$ddiv          fz_wm.l(ddiv.o)
    0x08003b54   0x08003b54   0x0000005e   Code   RO         1088    x$fpl$dfix          fz_wm.l(dfix.o)
    0x08003bb2   0x08003bb2   0x0000002e   Code   RO         1185    x$fpl$dflt          fz_wm.l(dflt_clz.o)
    0x08003be0   0x08003be0   0x00000026   Code   RO         1184    x$fpl$dfltu         fz_wm.l(dflt_clz.o)
    0x08003c06   0x08003c06   0x00000002   PAD
    0x08003c08   0x08003c08   0x00000154   Code   RO         1092    x$fpl$dmul          fz_wm.l(dmul.o)
    0x08003d5c   0x08003d5c   0x0000009c   Code   RO         1118    x$fpl$dnaninf       fz_wm.l(dnaninf.o)
    0x08003df8   0x08003df8   0x0000000c   Code   RO         1120    x$fpl$dretinf       fz_wm.l(dretinf.o)
    0x08003e04   0x08003e04   0x00000016   Code   RO         1175    x$fpl$drsb          fz_wm.l(daddsub_clz.o)
    0x08003e1a   0x08003e1a   0x00000002   PAD
    0x08003e1c   0x08003e1c   0x000001dc   Code   RO         1176    x$fpl$dsub          fz_wm.l(daddsub_clz.o)
    0x08003ff8   0x08003ff8   0x00000056   Code   RO         1094    x$fpl$f2d           fz_wm.l(f2d.o)
    0x0800404e   0x0800404e   0x0000008c   Code   RO         1122    x$fpl$fnaninf       fz_wm.l(fnaninf.o)
    0x080040da   0x080040da   0x0000001a   Code   RO         1289    x$fpl$fpinit        fz_wm.l(fpinit.o)
    0x080040f4   0x080040f4   0x00000000   Code   RO         1124    x$fpl$usenofp       fz_wm.l(usenofp.o)
    0x080040f4   0x080040f4   0x00000004   PAD
    0x080040f8   0x080040f8   0x00000030   Data   RO         1126    .constdata          m_wm.l(cos_i.o)
    0x08004128   0x08004128   0x000000cc   Data   RO         1144    .constdata          m_wm.l(rred.o)
    0x080041f4   0x080041f4   0x00000004   PAD
    0x080041f8   0x080041f8   0x00000028   Data   RO         1148    .constdata          m_wm.l(sin_i.o)
    0x08004220   0x08004220   0x00000010   Data   RO         1035    .rodata.AHBPrescTable  system_stm32f4xx.o
    0x08004230   0x08004230   0x00000008   Data   RO         1036    .rodata.APBPrescTable  system_stm32f4xx.o
    0x08004238   0x08004238   0x00000020   Data   RO         1350    Region$$Table       anon$$obj.o


    Execution Region RW_IRAM1 (Exec base: 0x20000000, Load base: 0x08004258, Size: 0x00000c20, Max: 0x00020000, ABSOLUTE)

    Exec Addr    Load Addr    Size         Type   Attr      Idx    E Section Name        Object

    0x20000000   0x08004258   0x00000008   Data   RW          587    .data..L_MergedGlobals  stm32f4xx_hal.o
    0x20000008   0x08004260   0x00000004   Data   RW         1034    .data.SystemCoreClock  system_stm32f4xx.o
    0x2000000c   0x08004264   0x00000004   PAD
    0x20000010        -       0x00000060   Zero   RW         1201    .bss                c_w.l(libspace.o)
    0x20000070        -       0x00000048   Zero   RW           94    .bss.hadc3          config.o
    0x200000b8        -       0x00000014   Zero   RW           95    .bss.hdac           config.o
    0x200000cc        -       0x0000050c   Zero   RW           97    .bss.hpcd_USB_OTG_FS  config.o
    0x200005d8        -       0x00000044   Zero   RW           96    .bss.huart3         config.o
    0x2000061c        -       0x00000004   Zero   RW          586    .bss.uwTick         stm32f4xx_hal.o
    0x20000620        -       0x00000200   Zero   RW            2    HEAP                startup_stm32f446xx.o
    0x20000820        -       0x00000400   Zero   RW            1    STACK               startup_stm32f446xx.o


==============================================================================

Image component sizes


      Code (inc. data)   RO Data    RW Data    ZI Data      Debug   Object Name

       930          0          0          0       1452      12942   config.o
       256         32          0          0          0       1764   main.o
        64         26        452          0       1536        836   startup_stm32f446xx.o
       204          0          0          8          4       7475   stm32f4xx_hal.o
      1296          0          0          0          0      11657   stm32f4xx_hal_adc.o
       194          0          0          0          0      10584   stm32f4xx_hal_cortex.o
       242          0          0          0          0       7738   stm32f4xx_hal_dac.o
       476          0          0          0          0       5391   stm32f4xx_hal_gpio.o
       528          0          0          0          0      11059   stm32f4xx_hal_msp.o
       326          0          0          0          0      17024   stm32f4xx_hal_pcd.o
        38          0          0          0          0       5183   stm32f4xx_hal_pcd_ex.o
       428          0          0          0          0       7520   stm32f4xx_hal_rcc.o
      2182          4          0          0          0      11075   stm32f4xx_hal_rcc_ex.o
       958          0          0          0          0      31982   stm32f4xx_hal_uart.o
        58          0          0          0          0       1649   stm32f4xx_it.o
      1768          0          0          0          0      32803   stm32f4xx_ll_usb.o
        18          0         24          4          0       2710   system_stm32f4xx.o

    ----------------------------------------------------------------------
     10050         62        508         12       2996     179392   Object Totals
         0          0         32          0          0          0   (incl. Generated)
        84          0          0          0          4          0   (incl. Padding)

    ----------------------------------------------------------------------

      Code (inc. data)   RO Data    RW Data    ZI Data      Debug   Library Member Name

         8          0          0          0          0         68   __main.o
       104          0          0          0          0         84   __printf.o
         0          0          0          0          0          0   __rtentry.o
        12          0          0          0          0          0   __rtentry2.o
         6          0          0          0          0          0   __rtentry4.o
        52          8          0          0          0          0   __scatter.o
        26          0          0          0          0          0   __scatter_copy.o
        28          0          0          0          0          0   __scatter_zi.o
        48          6          0          0          0         96   _printf_char_common.o
         6          0          0          0          0          0   _printf_d.o
       120         16          0          0          0         92   _printf_dec.o
       178          0          0          0          0         88   _printf_intcommon.o
         0          0          0          0          0          0   _printf_percent.o
         4          0          0          0          0          0   _printf_percent_end.o
        22          0          0          0          0        100   _rserrno.o
        10          0          0          0          0         68   _sputc.o
        18          0          0          0          0         80   exit.o
         6          0          0          0          0        152   heapauxi.o
         0          0          0          0          0          0   indicate_semi.o
         2          0          0          0          0          0   libinit.o
         6          0          0          0          0          0   libinit2.o
         2          0          0          0          0          0   libshutdown.o
         2          0          0          0          0          0   libshutdown2.o
         8          4          0          0         96         68   libspace.o
       240          0          0          0          0        100   lludivv7m.o
        40          6          0          0          0         84   noretval__2sprintf.o
         8          4          0          0          0         68   rt_errno_addr_intlibspace.o
        68          0          0          0          0         68   rt_memclr.o
        78          0          0          0          0         80   rt_memclr_w.o
         2          0          0          0          0          0   rtexit.o
        10          0          0          0          0          0   rtexit2.o
        62          0          0          0          0         76   strlen.o
        12          4          0          0          0         68   sys_exit.o
        74          0          0          0          0         80   sys_stackheap_outer.o
         2          0          0          0          0         68   use_no_semi.o
        24          0          0          0          0        164   basic.o
       834         16          0          0          0        516   daddsub_clz.o
       692        140          0          0          0        264   ddiv.o
        94          4          0          0          0        140   dfix.o
        84          0          0          0          0        232   dflt_clz.o
       340         12          0          0          0        152   dmul.o
       156          4          0          0          0        140   dnaninf.o
        12          0          0          0          0        116   dretinf.o
        86          4          0          0          0        132   f2d.o
       140          4          0          0          0        132   fnaninf.o
        26          0          0          0          0        116   fpinit.o
         0          0          0          0          0          0   usenofp.o
       368         46         48          0          0        200   cos_i.o
        84         16          0          0          0        372   dunder.o
        24          0          0          0          0        124   fabs.o
        48          0          0          0          0        124   fpclassify.o
       248          0          0          0          0        152   poly.o
      1080        142        204          0          0        188   rred.o
       200         20          0          0          0        164   sin.o
       304         24         40          0          0        208   sin_i.o

    ----------------------------------------------------------------------
      6130        480        296          0         96       5224   Library Totals
        22          0          4          0          0          0   (incl. Padding)

    ----------------------------------------------------------------------

      Code (inc. data)   RO Data    RW Data    ZI Data      Debug   Library Name

      1264         48          0          0         96       1588   c_w.l
      2488        184          0          0          0       2104   fz_wm.l
      2356        248        292          0          0       1532   m_wm.l

    ----------------------------------------------------------------------
      6130        480        296          0         96       5224   Library Totals

    ----------------------------------------------------------------------

==============================================================================


      Code (inc. data)   RO Data    RW Data    ZI Data      Debug   

     16180        542        804         12       3092     181336   Grand Totals
     16180        542        804         12       3092     181336   ELF Image Totals
     16180        542        804         12          0          0   ROM Totals

==============================================================================

    Total RO  Size (Code + RO Data)                16984 (  16.59kB)
    Total RW  Size (RW Data + ZI Data)              3104 (   3.03kB)
    Total ROM Size (Code + RO Data + RW Data)      16996 (  16.60kB)

==============================================================================

